Component: ARM Compiler 5.06 update 7 (build 960) Tool: armlink [4d3601]

==============================================================================

Section Cross References

    startup_stm32f407xx.o(STACK) refers (Special) to heapauxi.o(.text) for __use_two_region_memory
    startup_stm32f407xx.o(HEAP) refers (Special) to heapauxi.o(.text) for __use_two_region_memory
    startup_stm32f407xx.o(RESET) refers (Special) to heapauxi.o(.text) for __use_two_region_memory
    startup_stm32f407xx.o(RESET) refers to startup_stm32f407xx.o(STACK) for __initial_sp
    startup_stm32f407xx.o(RESET) refers to startup_stm32f407xx.o(.text) for Reset_Handler
    startup_stm32f407xx.o(RESET) refers to stm32f4xx_it.o(i.NMI_Handler) for NMI_Handler
    startup_stm32f407xx.o(RESET) refers to stm32f4xx_it.o(i.HardFault_Handler) for HardFault_Handler
    startup_stm32f407xx.o(RESET) refers to stm32f4xx_it.o(i.MemManage_Handler) for MemManage_Handler
    startup_stm32f407xx.o(RESET) refers to stm32f4xx_it.o(i.BusFault_Handler) for BusFault_Handler
    startup_stm32f407xx.o(RESET) refers to stm32f4xx_it.o(i.UsageFault_Handler) for UsageFault_Handler
    startup_stm32f407xx.o(RESET) refers to port.o(.emb_text) for SVC_Handler
    startup_stm32f407xx.o(RESET) refers to stm32f4xx_it.o(i.DebugMon_Handler) for DebugMon_Handler
    startup_stm32f407xx.o(RESET) refers to port.o(i.SysTick_Handler) for SysTick_Handler
    startup_stm32f407xx.o(RESET) refers to stm32f4xx_it.o(i.DMA1_Stream1_IRQHandler) for DMA1_Stream1_IRQHandler
    startup_stm32f407xx.o(RESET) refers to stm32f4xx_it.o(i.CAN1_RX0_IRQHandler) for CAN1_RX0_IRQHandler
    startup_stm32f407xx.o(RESET) refers to stm32f4xx_it.o(i.CAN1_RX1_IRQHandler) for CAN1_RX1_IRQHandler
    startup_stm32f407xx.o(RESET) refers to stm32f4xx_it.o(i.SPI1_IRQHandler) for SPI1_IRQHandler
    startup_stm32f407xx.o(RESET) refers to stm32f4xx_it.o(i.TIM8_TRG_COM_TIM14_IRQHandler) for TIM8_TRG_COM_TIM14_IRQHandler
    startup_stm32f407xx.o(RESET) refers to stm32f4xx_it.o(i.DMA2_Stream0_IRQHandler) for DMA2_Stream0_IRQHandler
    startup_stm32f407xx.o(RESET) refers to stm32f4xx_it.o(i.DMA2_Stream2_IRQHandler) for DMA2_Stream2_IRQHandler
    startup_stm32f407xx.o(RESET) refers to stm32f4xx_it.o(i.DMA2_Stream3_IRQHandler) for DMA2_Stream3_IRQHandler
    startup_stm32f407xx.o(RESET) refers to stm32f4xx_it.o(i.CAN2_RX0_IRQHandler) for CAN2_RX0_IRQHandler
    startup_stm32f407xx.o(RESET) refers to stm32f4xx_it.o(i.CAN2_RX1_IRQHandler) for CAN2_RX1_IRQHandler
    startup_stm32f407xx.o(RESET) refers to stm32f4xx_it.o(i.OTG_FS_IRQHandler) for OTG_FS_IRQHandler
    startup_stm32f407xx.o(.text) refers (Special) to heapauxi.o(.text) for __use_two_region_memory
    startup_stm32f407xx.o(.text) refers to system_stm32f4xx.o(i.SystemInit) for SystemInit
    startup_stm32f407xx.o(.text) refers to __main.o(!!!main) for __main
    startup_stm32f407xx.o(.text) refers to startup_stm32f407xx.o(HEAP) for Heap_Mem
    startup_stm32f407xx.o(.text) refers to startup_stm32f407xx.o(STACK) for Stack_Mem
    main.o(i.HAL_TIM_PeriodElapsedCallback) refers to stm32f4xx_hal.o(i.HAL_IncTick) for HAL_IncTick
    main.o(i.SystemClock_Config) refers to rt_memclr_w.o(.text) for __aeabi_memclr4
    main.o(i.SystemClock_Config) refers to stm32f4xx_hal_rcc.o(i.HAL_RCC_OscConfig) for HAL_RCC_OscConfig
    main.o(i.SystemClock_Config) refers to main.o(i.Error_Handler) for Error_Handler
    main.o(i.SystemClock_Config) refers to stm32f4xx_hal_rcc.o(i.HAL_RCC_ClockConfig) for HAL_RCC_ClockConfig
    main.o(i.main) refers to stm32f4xx_hal.o(i.HAL_Init) for HAL_Init
    main.o(i.main) refers to main.o(i.SystemClock_Config) for SystemClock_Config
    main.o(i.main) refers to gpio.o(i.MX_GPIO_Init) for MX_GPIO_Init
    main.o(i.main) refers to dma.o(i.MX_DMA_Init) for MX_DMA_Init
    main.o(i.main) refers to can.o(i.MX_CAN1_Init) for MX_CAN1_Init
    main.o(i.main) refers to can.o(i.MX_CAN2_Init) for MX_CAN2_Init
    main.o(i.main) refers to usart.o(i.MX_USART3_UART_Init) for MX_USART3_UART_Init
    main.o(i.main) refers to spi.o(i.MX_SPI1_Init) for MX_SPI1_Init
    main.o(i.main) refers to tim.o(i.MX_TIM10_Init) for MX_TIM10_Init
    main.o(i.main) refers to usart.o(i.MX_USART1_UART_Init) for MX_USART1_UART_Init
    main.o(i.main) refers to usart.o(i.MX_USART6_UART_Init) for MX_USART6_UART_Init
    main.o(i.main) refers to usart.o(i.MX_USART2_UART_Init) for MX_USART2_UART_Init
    main.o(i.main) refers to test.o(i.all_init_Task) for all_init_Task
    main.o(i.main) refers to freertos.o(i.MX_FREERTOS_Init) for MX_FREERTOS_Init
    main.o(i.main) refers to cmsis_os.o(i.osKernelStart) for osKernelStart
    gpio.o(i.MX_GPIO_Init) refers to rt_memclr_w.o(.text) for __aeabi_memclr4
    gpio.o(i.MX_GPIO_Init) refers to stm32f4xx_hal_gpio.o(i.HAL_GPIO_WritePin) for HAL_GPIO_WritePin
    gpio.o(i.MX_GPIO_Init) refers to stm32f4xx_hal_gpio.o(i.HAL_GPIO_Init) for HAL_GPIO_Init
    freertos.o(i.ArmTask_f) refers to cmsis_os.o(i.osDelay) for osDelay
[...]
    USBD_LL_StallEP                          0x08009551   Thumb Code    38  usbd_conf.o(i.USBD_LL_StallEP)
    USBD_LL_Start                            0x08009577   Thumb Code    30  usbd_conf.o(i.USBD_LL_Start)
    USBD_LL_Suspend                          0x08009595   Thumb Code    28  usbd_core.o(i.USBD_LL_Suspend)
    USBD_LL_Transmit                         0x080095b1   Thumb Code    48  usbd_conf.o(i.USBD_LL_Transmit)
    USBD_ParseSetupRequest                   0x080095e1   Thumb Code    54  usbd_ctlreq.o(i.USBD_ParseSetupRequest)
    USBD_RegisterClass                       0x08009617   Thumb Code    72  usbd_core.o(i.USBD_RegisterClass)
    USBD_RunTestMode                         0x0800965f   Thumb Code     6  usbd_core.o(i.USBD_RunTestMode)
    USBD_SetClassConfig                      0x080096bf   Thumb Code    32  usbd_core.o(i.USBD_SetClassConfig)
    USBD_Start                               0x0800981d   Thumb Code    12  usbd_core.o(i.USBD_Start)
    USBD_StdDevReq                           0x08009829   Thumb Code   174  usbd_ctlreq.o(i.USBD_StdDevReq)
    USBD_StdEPReq                            0x080098d7   Thumb Code   644  usbd_ctlreq.o(i.USBD_StdEPReq)
    USBD_StdItfReq                           0x08009b5b   Thumb Code   174  usbd_ctlreq.o(i.USBD_StdItfReq)
    USBD_static_free                         0x08009c09   Thumb Code     2  usbd_conf.o(i.USBD_static_free)
    USBD_static_malloc                       0x08009c0d   Thumb Code     6  usbd_conf.o(i.USBD_static_malloc)
    USB_ActivateEndpoint                     0x08009c19   Thumb Code   202  stm32f4xx_ll_usb.o(i.USB_ActivateEndpoint)
    USB_ActivateSetup                        0x08009ce9   Thumb Code    40  stm32f4xx_ll_usb.o(i.USB_ActivateSetup)
    USB_CoreInit                             0x08009d11   Thumb Code   136  stm32f4xx_ll_usb.o(i.USB_CoreInit)
    USB_DeactivateEndpoint                   0x08009e01   Thumb Code   318  stm32f4xx_ll_usb.o(i.USB_DeactivateEndpoint)
    USB_DevConnect                           0x08009f4d   Thumb Code    36  stm32f4xx_ll_usb.o(i.USB_DevConnect)
    USB_DevDisconnect                        0x08009f71   Thumb Code    36  stm32f4xx_ll_usb.o(i.USB_DevDisconnect)
    USB_DevInit                              0x08009f95   Thumb Code   480  stm32f4xx_ll_usb.o(i.USB_DevInit)
    USB_DisableGlobalInt                     0x0800a17d   Thumb Code    14  stm32f4xx_ll_usb.o(i.USB_DisableGlobalInt)
    USB_EP0_OutStart                         0x0800a18d   Thumb Code   106  stm32f4xx_ll_usb.o(i.USB_EP0_OutStart)
    USB_EPClearStall                         0x0800a1fd   Thumb Code   142  stm32f4xx_ll_usb.o(i.USB_EPClearStall)
    USB_EPSetStall                           0x0800a28b   Thumb Code   154  stm32f4xx_ll_usb.o(i.USB_EPSetStall)
    USB_EPStartXfer                          0x0800a325   Thumb Code   954  stm32f4xx_ll_usb.o(i.USB_EPStartXfer)
    USB_EPStopXfer                           0x0800a6e5   Thumb Code   236  stm32f4xx_ll_usb.o(i.USB_EPStopXfer)
    USB_EnableGlobalInt                      0x0800a7d1   Thumb Code    14  stm32f4xx_ll_usb.o(i.USB_EnableGlobalInt)
    USB_FlushRxFifo                          0x0800a7df   Thumb Code    80  stm32f4xx_ll_usb.o(i.USB_FlushRxFifo)
    USB_FlushTxFifo                          0x0800a82f   Thumb Code    84  stm32f4xx_ll_usb.o(i.USB_FlushTxFifo)
    USB_GetDevSpeed                          0x0800a883   Thumb Code    38  stm32f4xx_ll_usb.o(i.USB_GetDevSpeed)
    USB_GetMode                              0x0800a8a9   Thumb Code    10  stm32f4xx_ll_usb.o(i.USB_GetMode)
    USB_ProcessTask                          0x0800a8b3   Thumb Code    24  usb.o(i.USB_ProcessTask)
    USB_ReadDevAllInEpInterrupt              0x0800a8cb   Thumb Code    20  stm32f4xx_ll_usb.o(i.USB_ReadDevAllInEpInterrupt)
    USB_ReadDevAllOutEpInterrupt             0x0800a8df   Thumb Code    20  stm32f4xx_ll_usb.o(i.USB_ReadDevAllOutEpInterrupt)
    USB_ReadDevInEPInterrupt                 0x0800a8f3   Thumb Code    50  stm32f4xx_ll_usb.o(i.USB_ReadDevInEPInterrupt)
    USB_ReadDevOutEPInterrupt                0x0800a925   Thumb Code    26  stm32f4xx_ll_usb.o(i.USB_ReadDevOutEPInterrupt)
    USB_ReadInterrupts                       0x0800a93f   Thumb Code    10  stm32f4xx_ll_usb.o(i.USB_ReadInterrupts)
    USB_ReadPacket                           0x0800a949   Thumb Code    96  stm32f4xx_ll_usb.o(i.USB_ReadPacket)
    USB_RxHandler                            0x0800a9a9   Thumb Code    74  usb.o(i.USB_RxHandler)
    USB_SetCurrentMode                       0x0800aa05   Thumb Code   104  stm32f4xx_ll_usb.o(i.USB_SetCurrentMode)
    USB_SetDevAddress                        0x0800aa6d   Thumb Code    42  stm32f4xx_ll_usb.o(i.USB_SetDevAddress)
    USB_SetDevSpeed                          0x0800aa97   Thumb Code    18  stm32f4xx_ll_usb.o(i.USB_SetDevSpeed)
    USB_SetTurnaroundTime                    0x0800aaa9   Thumb Code   192  stm32f4xx_ll_usb.o(i.USB_SetTurnaroundTime)
    USB_Transmit                             0x0800ab91   Thumb Code    24  usb.o(i.USB_Transmit)
    USB_WritePacket                          0x0800aba9   Thumb Code    68  stm32f4xx_ll_usb.o(i.USB_WritePacket)
    UsageFault_Handler                       0x0800abed   Thumb Code     4  stm32f4xx_it.o(i.UsageFault_Handler)
    Usb_f                                    0x0800abf1   Thumb Code     8  freertos.o(i.Usb_f)
    __ARM_fpclassifyf                        0x0800abf9   Thumb Code    38  fpclassifyf.o(i.__ARM_fpclassifyf)
    __hardfp_asinf                           0x0800ac59   Thumb Code   258  asinf.o(i.__hardfp_asinf)
    __hardfp_atan2f                          0x0800ad85   Thumb Code   594  atan2f.o(i.__hardfp_atan2f)
    __mathlib_flt_infnan                     0x0800b031   Thumb Code     6  funder.o(i.__mathlib_flt_infnan)
    __mathlib_flt_infnan2                    0x0800b037   Thumb Code     6  funder.o(i.__mathlib_flt_infnan2)
    __mathlib_flt_invalid                    0x0800b03d   Thumb Code    10  funder.o(i.__mathlib_flt_invalid)
    __mathlib_flt_underflow                  0x0800b04d   Thumb Code    10  funder.o(i.__mathlib_flt_underflow)
    all_cmd_Task                             0x0800b05d   Thumb Code    12  test.o(i.all_cmd_Task)
    all_init_Task                            0x0800b069   Thumb Code     8  test.o(i.all_init_Task)
    catch_all                                0x0800b071   Thumb Code    34  catch.o(i.catch_all)
    catch_init                               0x0800b0a5   Thumb Code    28  catch.o(i.catch_init)
    dianji_init                              0x0800b0c9   Thumb Code    56  catch.o(i.dianji_init)
    duoji_init                               0x0800b111   Thumb Code    76  catch.o(i.duoji_init)
    float_constrain                          0x0800b53b   Thumb Code    42  user_lib.o(i.float_constrain)
    float_rounding                           0x0800b565   Thumb Code    62  user_lib.o(i.float_rounding)
    main                                     0x0800b5e9   Thumb Code    64  main.o(i.main)
    on_receive_CmdVel                        0x0800b639   Thumb Code    28  usb.o(i.on_receive_CmdVel)
    on_receive_Handshake                     0x0800b65d   Thumb Code     2  usb.o(i.on_receive_Handshake)
    on_receive_Heartbeat                     0x0800b661   Thumb Code    14  usb.o(i.on_receive_Heartbeat)
    osDelay                                  0x0800b675   Thumb Code    24  cmsis_os.o(i.osDelay)
    osKernelStart                            0x0800b68d   Thumb Code    10  cmsis_os.o(i.osKernelStart)
    osThreadCreate                           0x0800b697   Thumb Code    94  cmsis_os.o(i.osThreadCreate)
    protocol_fsm_feed                        0x0800b6f5   Thumb Code   296  protocol.o(i.protocol_fsm_feed)
    pvPortMalloc                             0x0800bcbd   Thumb Code   306  heap_4.o(i.pvPortMalloc)
    pxPortInitialiseStack                    0x0800be09   Thumb Code    38  port.o(i.pxPortInitialiseStack)
    send_Handshake                           0x0800bfdd   Thumb Code   104  protocol.o(i.send_Handshake)
    sqrtf                                    0x0800c049   Thumb Code    62  sqrtf.o(i.sqrtf)
    uxListRemove                             0x0800c087   Thumb Code    40  list.o(i.uxListRemove)
    vApplicationGetIdleTaskMemory            0x0800c0b1   Thumb Code    14  freertos.o(i.vApplicationGetIdleTaskMemory)
    vListInitialise                          0x0800c0c9   Thumb Code    26  list.o(i.vListInitialise)
    vListInitialiseItem                      0x0800c0e3   Thumb Code     6  list.o(i.vListInitialiseItem)
    vListInsert                              0x0800c0e9   Thumb Code    52  list.o(i.vListInsert)
    vListInsertEnd                           0x0800c11d   Thumb Code    24  list.o(i.vListInsertEnd)
    vPortEnterCritical                       0x0800c135   Thumb Code    76  port.o(i.vPortEnterCritical)
    vPortExitCritical                        0x0800c189   Thumb Code    56  port.o(i.vPortExitCritical)
    vPortFree                                0x0800c1c5   Thumb Code   150  heap_4.o(i.vPortFree)
    vPortSetupTimerInterrupt                 0x0800c269   Thumb Code    36  port.o(i.vPortSetupTimerInterrupt)
    vTaskDelay                               0x0800c291   Thumb Code    82  tasks.o(i.vTaskDelay)
    vTaskStartScheduler                      0x0800c2ed   Thumb Code   146  tasks.o(i.vTaskStartScheduler)
    vTaskSuspendAll                          0x0800c39d   Thumb Code    12  tasks.o(i.vTaskSuspendAll)
    vTaskSwitchContext                       0x0800c3ad   Thumb Code   118  tasks.o(i.vTaskSwitchContext)
    xPortStartScheduler                      0x0800c439   Thumb Code   330  port.o(i.xPortStartScheduler)
    xTaskCreate                              0x0800c5a1   Thumb Code   100  tasks.o(i.xTaskCreate)
    xTaskCreateStatic                        0x0800c605   Thumb Code   186  tasks.o(i.xTaskCreateStatic)
    xTaskIncrementTick                       0x0800c6c1   Thumb Code   282  tasks.o(i.xTaskIncrementTick)
    xTaskResumeAll                           0x0800c809   Thumb Code   224  tasks.o(i.xTaskResumeAll)
    __aeabi_d2f                              0x0800c90d   Thumb Code     0  d2f.o(x$fpl$d2f)
    _d2f                                     0x0800c90d   Thumb Code    98  d2f.o(x$fpl$d2f)
    __aeabi_ddiv                             0x0800c971   Thumb Code     0  ddiv.o(x$fpl$ddiv)
    _ddiv                                    0x0800c971   Thumb Code   552  ddiv.o(x$fpl$ddiv)
    __aeabi_dmul                             0x0800cc21   Thumb Code     0  dmul.o(x$fpl$dmul)
    _dmul                                    0x0800cc21   Thumb Code   332  dmul.o(x$fpl$dmul)
    __fpl_dnaninf                            0x0800cd75   Thumb Code   156  dnaninf.o(x$fpl$dnaninf)
    __fpl_dretinf                            0x0800ce11   Thumb Code    12  dretinf.o(x$fpl$dretinf)
    __aeabi_f2d                              0x0800ce1d   Thumb Code     0  f2d.o(x$fpl$f2d)
    _f2d                                     0x0800ce1d   Thumb Code    86  f2d.o(x$fpl$f2d)
    __fpl_fnaninf                            0x0800ce73   Thumb Code   140  fnaninf.o(x$fpl$fnaninf)
    _fp_init                                 0x0800ceff   Thumb Code    10  fpinit.o(x$fpl$fpinit)
    __fplib_config_fpu_vfp                   0x0800cf07   Thumb Code     0  fpinit.o(x$fpl$fpinit)
    __fplib_config_pureend_doubles           0x0800cf07   Thumb Code     0  fpinit.o(x$fpl$fpinit)
    __fpl_fretinf                            0x0800cf09   Thumb Code    10  fretinf.o(x$fpl$fretinf)
    __I$use$fp                               0x0800cf12   Number         0  usenofp.o(x$fpl$usenofp)
    AHBPrescTable                            0x0800cf8c   Data          16  system_stm32f4xx.o(.constdata)
    APBPrescTable                            0x0800cf9c   Data           8  system_stm32f4xx.o(.constdata)
    xb                                       0x0800cfbc   Data          12  ins_task.o(.constdata)
    yb                                       0x0800cfc8   Data          12  ins_task.o(.constdata)
    zb                                       0x0800cfd4   Data          12  ins_task.o(.constdata)
    IMU_QuaternionEKF_F                      0x0800d024   Data         144  quaternionekf.o(.constdata)
    sinTable_f32                             0x0800d430   Data        2052  arm_common_tables.o(.rodata.sinTable_f32)
    Region$$Table$$Base                      0x0800dc34   Number         0  anon$$obj.o(Region$$Table)
    Region$$Table$$Limit                     0x0800dc74   Number         0  anon$$obj.o(Region$$Table)
    ImuTaskHandle                            0x20000000   Data           4  freertos.o(.data)
    ChassisTaskHandle                        0x20000004   Data           4  freertos.o(.data)
    UsbTaskHandle                            0x20000008   Data           4  freertos.o(.data)
    ArmTaskHandle                            0x2000000c   Data           4  freertos.o(.data)
    BMI088_ACCEL_SEN                         0x200001ac   Data           4  bmi088driver.o(.data)
    BMI088_GYRO_SEN                          0x200001b0   Data           4  bmi088driver.o(.data)
    gNormDiff                                0x200001b8   Data           4  bmi088driver.o(.data)
    caliOffset                               0x200001bc   Data           1  bmi088driver.o(.data)
    caliCount                                0x200001be   Data           2  bmi088driver.o(.data)
    BMI088_SPI                               0x200001f4   Data           4  bmi088middleware.o(.data)
    IMU_QuaternionEKF_P                      0x200001f8   Data         144  quaternionekf.o(.data)
    FS_Desc                                  0x20000300   Data          28  usbd_desc.o(.data)
    USBD_FS_DeviceDesc                       0x2000031c   Data          18  usbd_desc.o(.data)
    USBD_LangIDDesc                          0x20000330   Data           4  usbd_desc.o(.data)
    USBD_StringSerial                        0x20000334   Data          26  usbd_desc.o(.data)
    hspi1                                    0x200005b4   Data          88  spi.o(.bss)
    hdma_spi1_rx                             0x2000060c   Data          96  spi.o(.bss)
    hdma_spi1_tx                             0x2000066c   Data          96  spi.o(.bss)
    huart1                                   0x200006cc   Data          72  usart.o(.bss)
    huart2                                   0x20000714   Data          72  usart.o(.bss)
    huart3                                   0x2000075c   Data          72  usart.o(.bss)
    huart6                                   0x200007a4   Data          72  usart.o(.bss)
    hdma_usart1_rx                           0x200007ec   Data          96  usart.o(.bss)
    hdma_usart3_rx                           0x2000084c   Data          96  usart.o(.bss)
    htim14                                   0x200008ac   Data          72  stm32f4xx_hal_timebase_tim.o(.bss)
    gyroDiff                                 0x20000aa0   Data          12  bmi088driver.o(.bss)
    BMI088                                   0x20000aac   Data          52  bmi088driver.o(.bss)
    QEKF_INS                                 0x20000bf0   Data         480  quaternionekf.o(.bss)
    IMU_QuaternionEKF_K                      0x20000dd0   Data          72  quaternionekf.o(.bss)
    IMU_QuaternionEKF_H                      0x20000e18   Data          72  quaternionekf.o(.bss)
    usb_chassis_cmd                          0x20000e60   Data          12  usb.o(.bss)
    wBuf                                     0x20001768   Data         128  feite_motor.o(.bss)
    hUsbDeviceFS                             0x200066f8   Data         732  usb_device.o(.bss)
    USBD_StrDesc                             0x200069d4   Data         512  usbd_desc.o(.bss)
    UserRxBufferFS                           0x20006bd4   Data        2048  usbd_cdc_if.o(.bss)
    UserTxBufferFS                           0x200073d4   Data        2048  usbd_cdc_if.o(.bss)
    hpcd_USB_OTG_FS                          0x20007bd4   Data        1252  usbd_conf.o(.bss)
    uwTick                                   0x2001c004   Data           4  stm32f4xx_hal.o(.data)
    uwTickPrio                               0x2001c008   Data           4  stm32f4xx_hal.o(.data)
    uwTickFreq                               0x2001c00c   Data           1  stm32f4xx_hal.o(.data)
    SystemCoreClock                          0x2001c010   Data           4  system_stm32f4xx.o(.data)
    sizeof_float                             0x2001c0b8   Data           2  kalman_filter.o(.data)
    sizeof_double                            0x2001c0ba   Data           2  kalman_filter.o(.data)
    usb_last_recv_time                       0x2001c0c4   Data           4  usb.o(.data)
    FT_1                                     0x2001c0d8   Data           4  catch.o(.data)
    FT_2                                     0x2001c0dc   Data           4  catch.o(.data)
    FT_3                                     0x2001c0e0   Data           4  catch.o(.data)
    FT_4                                     0x2001c0e4   Data           4  catch.o(.data)
    rc_cmd                                   0x2001c0f0   Data           4  catch.o(.data)
    IR_sensor_level                          0x2001c0f4   Data           4  catch.o(.data)
    control                                  0x2001c0f8   Data           4  catch.o(.data)
    a                                        0x2001c0fc   Data           4  catch.o(.data)
    pxCurrentTCB                             0x2001c104   Data           4  tasks.o(.data)
    USBD_Interface_fops_FS                   0x2001c140   Data          20  usbd_cdc_if.o(.data)
    USBD_CDC                                 0x2001c164   Data          56  usbd_cdc.o(.data)
    hcan1                                    0x2001c1e4   Data          40  can.o(.bss)
    hcan2                                    0x2001c20c   Data          40  can.o(.bss)
    htim10                                   0x2001c234   Data          72  tim.o(.bss)
    __libspace_start                         0x2001c27c   Data          96  libspace.o(.bss)
    __temporary_stack_top$libspace           0x2001c2dc   Data           0  libspace.o(.bss)



==============================================================================

Memory Map of the image

  Image Entry point : 0x08000189

  Load Region LR_IROM1 (Base: 0x08000000, Size: 0x0000e1a8, Max: 0x00100000, ABSOLUTE, COMPRESSED[0x0000dda8])

    Execution Region ER_IROM1 (Exec base: 0x08000000, Load base: 0x08000000, Size: 0x0000dc74, Max: 0x00100000, ABSOLUTE)

    Exec Addr    Load Addr    Size         Type   Attr      Idx    E Section Name        Object

    0x08000000   0x08000000   0x00000188   Data   RO            3    RESET               startup_stm32f407xx.o
    0x08000188   0x08000188   0x00000008   Code   RO         8750  * !!!main             c_w.l(__main.o)
    0x08000190   0x08000190   0x00000034   Code   RO         9103    !!!scatter          c_w.l(__scatter.o)
    0x080001c4   0x080001c4   0x0000005a   Code   RO         9101    !!dczerorl2         c_w.l(__dczerorl2.o)
    0x0800021e   0x0800021e   0x00000002   PAD
    0x08000220   0x08000220   0x0000001c   Code   RO         9105    !!handler_zi        c_w.l(__scatter_zi.o)
    0x0800023c   0x0800023c   0x00000002   Code   RO         9038    .ARM.Collect$$libinit$$00000000  c_w.l(libinit.o)
    0x0800023e   0x0800023e   0x00000004   Code   RO         8889    .ARM.Collect$$libinit$$00000001  c_w.l(libinit2.o)
    0x08000242   0x08000242   0x00000000   Code   RO         8892    .ARM.Collect$$libinit$$00000004  c_w.l(libinit2.o)
    0x08000242   0x08000242   0x00000008   Code   RO         8893    .ARM.Collect$$libinit$$00000005  c_w.l(libinit2.o)
    0x0800024a   0x0800024a   0x00000000   Code   RO         8895    .ARM.Collect$$libinit$$0000000A  c_w.l(libinit2.o)
    0x0800024a   0x0800024a   0x00000000   Code   RO         8897    .ARM.Collect$$libinit$$0000000C  c_w.l(libinit2.o)
    0x0800024a   0x0800024a   0x00000000   Code   RO         8899    .ARM.Collect$$libinit$$0000000E  c_w.l(libinit2.o)
    0x0800024a   0x0800024a   0x00000000   Code   RO         8902    .ARM.Collect$$libinit$$00000011  c_w.l(libinit2.o)
    0x0800024a   0x0800024a   0x00000000   Code   RO         8904    .ARM.Collect$$libinit$$00000013  c_w.l(libinit2.o)
    0x0800024a   0x0800024a   0x00000000   Code   RO         8906    .ARM.Collect$$libinit$$00000015  c_w.l(libinit2.o)
    0x0800024a   0x0800024a   0x00000000   Code   RO         8908    .ARM.Collect$$libinit$$00000017  c_w.l(libinit2.o)
    0x0800024a   0x0800024a   0x00000000   Code   RO         8910    .ARM.Collect$$libinit$$00000019  c_w.l(libinit2.o)
    0x0800024a   0x0800024a   0x00000000   Code   RO         8912    .ARM.Collect$$libinit$$0000001B  c_w.l(libinit2.o)
    0x0800024a   0x0800024a   0x00000000   Code   RO         8914    .ARM.Collect$$libinit$$0000001D  c_w.l(libinit2.o)
    0x0800024a   0x0800024a   0x00000000   Code   RO         8916    .ARM.Collect$$libinit$$0000001F  c_w.l(libinit2.o)
    0x0800024a   0x0800024a   0x00000000   Code   RO         8918    .ARM.Collect$$libinit$$00000021  c_w.l(libinit2.o)
    0x0800024a   0x0800024a   0x00000000   Code   RO         8920    .ARM.Collect$$libinit$$00000023  c_w.l(libinit2.o)
    0x0800024a   0x0800024a   0x00000000   Code   RO         8922    .ARM.Collect$$libinit$$00000025  c_w.l(libinit2.o)
    0x0800024a   0x0800024a   0x00000000   Code   RO         8926    .ARM.Collect$$libinit$$0000002C  c_w.l(libinit2.o)
    0x0800024a   0x0800024a   0x00000000   Code   RO         8928    .ARM.Collect$$libinit$$0000002E  c_w.l(libinit2.o)
    0x0800024a   0x0800024a   0x00000000   Code   RO         8930    .ARM.Collect$$libinit$$00000030  c_w.l(libinit2.o)
    0x0800024a   0x0800024a   0x00000000   Code   RO         8932    .ARM.Collect$$libinit$$00000032  c_w.l(libinit2.o)
    0x0800024a   0x0800024a   0x00000002   Code   RO         8933    .ARM.Collect$$libinit$$00000033  c_w.l(libinit2.o)
    0x0800024c   0x0800024c   0x00000002   Code   RO         9098    .ARM.Collect$$libshutdown$$00000000  c_w.l(libshutdown.o)
    0x0800024e   0x0800024e   0x00000000   Code   RO         9054    .ARM.Collect$$libshutdown$$00000002  c_w.l(libshutdown2.o)
    0x0800024e   0x0800024e   0x00000000   Code   RO         9056    .ARM.Collect$$libshutdown$$00000004  c_w.l(libshutdown2.o)
    0x0800024e   0x0800024e   0x00000000   Code   RO         9058    .ARM.Collect$$libshutdown$$00000006  c_w.l(libshutdown2.o)
    0x0800024e   0x0800024e   0x00000000   Code   RO         9061    .ARM.Collect$$libshutdown$$00000009  c_w.l(libshutdown2.o)
    0x0800024e   0x0800024e   0x00000000   Code   RO         9064    .ARM.Collect$$libshutdown$$0000000C  c_w.l(libshutdown2.o)
    0x0800024e   0x0800024e   0x00000000   Code   RO         9066    .ARM.Collect$$libshutdown$$0000000E  c_w.l(libshutdown2.o)
    0x0800024e   0x0800024e   0x00000000   Code   RO         9069    .ARM.Collect$$libshutdown$$00000011  c_w.l(libshutdown2.o)
    0x0800024e   0x0800024e   0x00000002   Code   RO         9070    .ARM.Collect$$libshutdown$$00000012  c_w.l(libshutdown2.o)
    0x08000250   0x08000250   0x00000000   Code   RO         8842    .ARM.Collect$$rtentry$$00000000  c_w.l(__rtentry.o)
    0x08000250   0x08000250   0x00000000   Code   RO         8968    .ARM.Collect$$rtentry$$00000002  c_w.l(__rtentry2.o)
    0x08000250   0x08000250   0x00000006   Code   RO         8980    .ARM.Collect$$rtentry$$00000004  c_w.l(__rtentry4.o)
    0x08000256   0x08000256   0x00000000   Code   RO         8970    .ARM.Collect$$rtentry$$00000009  c_w.l(__rtentry2.o)
    0x08000256   0x08000256   0x00000004   Code   RO         8971    .ARM.Collect$$rtentry$$0000000A  c_w.l(__rtentry2.o)
    0x0800025a   0x0800025a   0x00000000   Code   RO         8973    .ARM.Collect$$rtentry$$0000000C  c_w.l(__rtentry2.o)
    0x0800025a   0x0800025a   0x00000008   Code   RO         8974    .ARM.Collect$$rtentry$$0000000D  c_w.l(__rtentry2.o)
    0x08000262   0x08000262   0x00000002   Code   RO         9041    .ARM.Collect$$rtexit$$00000000  c_w.l(rtexit.o)
    0x08000264   0x08000264   0x00000000   Code   RO         9074    .ARM.Collect$$rtexit$$00000002  c_w.l(rtexit2.o)
    0x08000264   0x08000264   0x00000004   Code   RO         9075    .ARM.Collect$$rtexit$$00000003  c_w.l(rtexit2.o)
    0x08000268   0x08000268   0x00000006   Code   RO         9076    .ARM.Collect$$rtexit$$00000004  c_w.l(rtexit2.o)
    0x0800026e   0x0800026e   0x00000002   PAD
    0x08000270   0x08000270   0x000000be   Code   RO         7536    .emb_text           port.o
    0x0800032e   0x0800032e   0x00000002   PAD
    0x08000330   0x08000330   0x00000000   Code   RO         8991    .emb_text           c_w.l(maybetermalloc1.o)
    0x08000330   0x08000330   0x00000040   Code   RO            4    .text               startup_stm32f407xx.o
    0x08000370   0x08000370   0x0000005e   Code   RO         8646    .text               c_w.l(h1_alloc.o)
    0x080003ce   0x080003ce   0x000000ee   Code   RO         8700    .text               c_w.l(lludivv7m.o)
    0x080004bc   0x080004bc   0x0000008a   Code   RO         8736    .text               c_w.l(rt_memcpy_v6.o)
    0x08000546   0x08000546   0x00000064   Code   RO         8738    .text               c_w.l(rt_memcpy_w.o)
    0x080005aa   0x080005aa   0x00000044   Code   RO         8744    .text               c_w.l(rt_memclr.o)
    0x080005ee   0x080005ee   0x0000004e   Code   RO         8746    .text               c_w.l(rt_memclr_w.o)
    0x0800063c   0x0800063c   0x00000006   Code   RO         8748    .text               c_w.l(heapauxi.o)
    0x08000642   0x08000642   0x00000002   PAD
    0x08000644   0x08000644   0x00000008   Code   RO         8850    .text               c_w.l(rt_heap_descriptor_intlibspace.o)
    0x0800064c   0x0800064c   0x00000004   Code   RO         8852    .text               c_w.l(hguard.o)
    0x08000650   0x08000650   0x0000008a   Code   RO         8854    .text               c_w.l(init_alloc.o)
    0x080006da   0x080006da   0x0000000e   Code   RO         8860    .text               c_w.l(h1_init.o)
    0x080006e8   0x080006e8   0x0000004e   Code   RO         8862    .text               c_w.l(h1_free.o)
    0x08000736   0x08000736   0x00000016   Code   RO         8878    .text               c_w.l(_rserrno.o)
    0x0800074c   0x0800074c   0x00000008   Code   RO         8964    .text               c_w.l(libspace.o)
    0x08000754   0x08000754   0x00000008   Code   RO         8987    .text               c_w.l(rt_errno_addr_intlibspace.o)
    0x0800075c   0x0800075c   0x00000034   Code   RO         8993    .text               c_w.l(h1_extend.o)
    0x08000790   0x08000790   0x0000000e   Code   RO         8999    .text               c_w.l(defsig_rtmem_outer.o)
    0x0800079e   0x0800079e   0x00000002   Code   RO         9010    .text               c_w.l(use_no_semi.o)
    0x080007a0   0x080007a0   0x00000000   Code   RO         9012    .text               c_w.l(indicate_semi.o)
    0x080007a0   0x080007a0   0x0000004a   Code   RO         9013    .text               c_w.l(sys_stackheap_outer.o)
    0x080007ea   0x080007ea   0x00000012   Code   RO         9019    .text               c_w.l(exit.o)
    0x080007fc   0x080007fc   0x0000000a   Code   RO         9021    .text               c_w.l(defsig_exit.o)
    0x08000806   0x08000806   0x00000002   PAD
    0x08000808   0x08000808   0x00000050   Code   RO         9027    .text               c_w.l(defsig_rtmem_inner.o)
    0x08000858   0x08000858   0x0000000c   Code   RO         9039    .text               c_w.l(sys_exit.o)
    0x08000864   0x08000864   0x00000032   Code   RO         9049    .text               c_w.l(defsig_general.o)
    0x08000896   0x08000896   0x0000000e   Code   RO         9071    .text               c_w.l(sys_wrch.o)
    0x080008a4   0x080008a4   0x00000098   Code   RO         8452    .text.arm_cos_f32   arm_cortexM4lf_math.lib(arm_cos_f32.o)
    0x0800093c   0x0800093c   0x000000ba   Code   RO         8470    .text.arm_mat_add_f32  arm_cortexM4lf_math.lib(arm_mat_add_f32.o)
    0x080009f6   0x080009f6   0x00000002   PAD
    0x080009f8   0x080009f8   0x000002f4   Code   RO         8487    .text.arm_mat_inverse_f32  arm_cortexM4lf_math.lib(arm_mat_inverse_f32.o)
    0x08000cec   0x08000cec   0x00000128   Code   RO         8496    .text.arm_mat_mult_f32  arm_cortexM4lf_math.lib(arm_mat_mult_f32.o)
    0x08000e14   0x08000e14   0x000000ba   Code   RO         8505    .text.arm_mat_sub_f32  arm_cortexM4lf_math.lib(arm_mat_sub_f32.o)
    0x08000ece   0x08000ece   0x00000002   PAD
    0x08000ed0   0x08000ed0   0x000000a2   Code   RO         8514    .text.arm_mat_trans_f32  arm_cortexM4lf_math.lib(arm_mat_trans_f32.o)
    0x08000f72   0x08000f72   0x00000002   PAD
    0x08000f74   0x08000f74   0x00000090   Code   RO         8461    .text.arm_sin_f32   arm_cortexM4lf_math.lib(arm_sin_f32.o)
    0x08001004   0x08001004   0x0000000a   Code   RO          289    i.ArmTask_f         freertos.o
    0x0800100e   0x0800100e   0x00000002   PAD
    0x08001010   0x08001010   0x00000014   Code   RO         5427    i.BMI088_ACCEL_NS_H  bmi088middleware.o
    0x08001024   0x08001024   0x00000014   Code   RO         5428    i.BMI088_ACCEL_NS_L  bmi088middleware.o
    0x08001038   0x08001038   0x00000014   Code   RO         5429    i.BMI088_GYRO_NS_H  bmi088middleware.o
    0x0800104c   0x0800104c   0x00000014   Code   RO         5430    i.BMI088_GYRO_NS_L  bmi088middleware.o
    0x08001060   0x08001060   0x0000027c   Code   RO         5347    i.BMI088_Read       bmi088driver.o
    0x080012dc   0x080012dc   0x00000026   Code   RO         5348    i.BMI088_read_muli_reg  bmi088driver.o
    0x08001302   0x08001302   0x00000002   PAD
    0x08001304   0x08001304   0x00000024   Code   RO         5431    i.BMI088_read_write_byte  bmi088middleware.o
    0x08001328   0x08001328   0x0000015a   Code   RO         5481    i.BodyFrameToEarthFrame  ins_task.o
    0x08001482   0x08001482   0x00000004   Code   RO          654    i.BusFault_Handler  stm32f4xx_it.o
    0x08001486   0x08001486   0x00000002   PAD
    0x08001488   0x08001488   0x00000010   Code   RO          655    i.CAN1_RX0_IRQHandler  stm32f4xx_it.o
    0x08001498   0x08001498   0x00000010   Code   RO          656    i.CAN1_RX1_IRQHandler  stm32f4xx_it.o
    0x080014a8   0x080014a8   0x00000010   Code   RO          657    i.CAN2_RX0_IRQHandler  stm32f4xx_it.o
    0x080014b8   0x080014b8   0x00000010   Code   RO          658    i.CAN2_RX1_IRQHandler  stm32f4xx_it.o
    0x080014c8   0x080014c8   0x00000068   Code   RO         4587    i.CANAddFilter      bsp_can.o
    0x08001530   0x08001530   0x0000009c   Code   RO         4588    i.CANFIFOxCallback  bsp_can.o
    0x080015cc   0x080015cc   0x000000a4   Code   RO         4589    i.CANRegister       bsp_can.o
    0x08001670   0x08001670   0x00000038   Code   RO         4590    i.CANServiceInit    bsp_can.o
    0x080016a8   0x080016a8   0x0000007c   Code   RO         4592    i.CANTransmit       bsp_can.o
    0x08001724   0x08001724   0x00000044   Code   RO         7732    i.CDC_Control_FS    usbd_cdc_if.o
    0x08001768   0x08001768   0x00000004   Code   RO         7733    i.CDC_DeInit_FS     usbd_cdc_if.o
    0x0800176c   0x0800176c   0x00000024   Code   RO         7734    i.CDC_Init_FS       usbd_cdc_if.o
    0x08001790   0x08001790   0x00000024   Code   RO         7735    i.CDC_Receive_FS    usbd_cdc_if.o
    0x080017b4   0x080017b4   0x0000000c   Code   RO         7736    i.CDC_TransmitCplt_FS  usbd_cdc_if.o
    0x080017c0   0x080017c0   0x00000038   Code   RO         7737    i.CDC_Transmit_FS   usbd_cdc_if.o
    0x080017f8   0x080017f8   0x0000000e   Code   RO          290    i.ChassisTask_f     freertos.o
    0x08001806   0x08001806   0x00000002   PAD
    0x08001808   0x08001808   0x000001b8   Code   RO         4915    i.DJIMotorControl   dji_motor.o
    0x080019c0   0x080019c0   0x00000008   Code   RO         4916    i.DJIMotorEnable    dji_motor.o
    0x080019c8   0x080019c8   0x000000d4   Code   RO         4917    i.DJIMotorInit      dji_motor.o
    0x08001a9c   0x08001a9c   0x00000024   Code   RO         4918    i.DJIMotorLostCallback  dji_motor.o
    0x08001ac0   0x08001ac0   0x00000004   Code   RO         4919    i.DJIMotorOuterLoop  dji_motor.o
    0x08001ac4   0x08001ac4   0x00000012   Code   RO         4920    i.DJIMotorReset     dji_motor.o
    0x08001ad6   0x08001ad6   0x00000006   Code   RO         4921    i.DJIMotorSetRef    dji_motor.o
    0x08001adc   0x08001adc   0x00000008   Code   RO         4922    i.DJIMotorStop      dji_motor.o
    0x08001ae4   0x08001ae4   0x00000010   Code   RO          659    i.DMA1_Stream1_IRQHandler  stm32f4xx_it.o
    0x08001af4   0x08001af4   0x00000010   Code   RO          660    i.DMA2_Stream0_IRQHandler  stm32f4xx_it.o
    0x08001b04   0x08001b04   0x00000010   Code   RO          661    i.DMA2_Stream2_IRQHandler  stm32f4xx_it.o
    0x08001b14   0x08001b14   0x00000010   Code   RO          662    i.DMA2_Stream3_IRQHandler  stm32f4xx_it.o
    0x08001b24   0x08001b24   0x00000034   Code   RO         2925    i.DMA_CalcBaseAndBitshift  stm32f4xx_hal_dma.o
    0x08001b58   0x08001b58   0x000000aa   Code   RO         2926    i.DMA_CheckFifoParam  stm32f4xx_hal_dma.o
    0x08001c02   0x08001c02   0x0000002c   Code   RO         2927    i.DMA_SetConfig     stm32f4xx_hal_dma.o
    0x08001c2e   0x08001c2e   0x00000002   PAD
    0x08001c30   0x08001c30   0x0000004c   Code   RO         4656    i.DWT_CNT_Update    bsp_dwt.o
    0x08001c7c   0x08001c7c   0x0000004c   Code   RO         4658    i.DWT_GetDeltaT     bsp_dwt.o
    0x08001cc8   0x08001cc8   0x00000050   Code   RO         4660    i.DWT_GetTimeline_ms  bsp_dwt.o
    0x08001d18   0x08001d18   0x00000070   Code   RO         4663    i.DWT_Init          bsp_dwt.o
    0x08001d88   0x08001d88   0x000000d0   Code   RO         4664    i.DWT_SysTimeUpdate  bsp_dwt.o
    0x08001e58   0x08001e58   0x00000058   Code   RO         5296    i.DaemonRegister    daemon.o
    0x08001eb0   0x08001eb0   0x00000006   Code   RO         5297    i.DaemonReload      daemon.o
    0x08001eb6   0x08001eb6   0x00000002   Code   RO          663    i.DebugMon_Handler  stm32f4xx_it.o
    0x08001eb8   0x08001eb8   0x00000114   Code   RO         4923    i.DecodeDJIMotor    dji_motor.o
    0x08001fcc   0x08001fcc   0x0000015a   Code   RO         5482    i.EarthFrameToBodyFrame  ins_task.o
    0x08002126   0x08002126   0x00000006   Code   RO           13    i.Error_Handler     main.o
    0x0800212c   0x0800212c   0x00000074   Code   RO         6057    i.FTMotorInit       feite_motor.o
    0x080021a0   0x080021a0   0x0000000a   Code   RO         6058    i.FTMotorLostCallback  feite_motor.o
    0x080021aa   0x080021aa   0x00000002   PAD
    0x080021ac   0x080021ac   0x00000034   Code   RO         7651    i.Get_SerialNum     usbd_desc.o
    0x080021e0   0x080021e0   0x0000002a   Code   RO         3622    i.HAL_CAN_ActivateNotification  stm32f4xx_hal_can.o
    0x0800220a   0x0800220a   0x0000014a   Code   RO         3623    i.HAL_CAN_AddTxMessage  stm32f4xx_hal_can.o
    0x08002354   0x08002354   0x00000120   Code   RO         3624    i.HAL_CAN_ConfigFilter  stm32f4xx_hal_can.o
    0x08002474   0x08002474   0x00000002   Code   RO         3627    i.HAL_CAN_ErrorCallback  stm32f4xx_hal_can.o
    0x08002476   0x08002476   0x00000028   Code   RO         3629    i.HAL_CAN_GetRxFifoFillLevel  stm32f4xx_hal_can.o
    0x0800249e   0x0800249e   0x00000194   Code   RO         3630    i.HAL_CAN_GetRxMessage  stm32f4xx_hal_can.o
    0x08002632   0x08002632   0x00000036   Code   RO         3632    i.HAL_CAN_GetTxMailboxesFreeLevel  stm32f4xx_hal_can.o
    0x08002668   0x08002668   0x0000024e   Code   RO         3634    i.HAL_CAN_IRQHandler  stm32f4xx_hal_can.o
    0x080028b6   0x080028b6   0x00000174   Code   RO         3635    i.HAL_CAN_Init      stm32f4xx_hal_can.o
    0x08002a2a   0x08002a2a   0x00000002   PAD
    0x08002a2c   0x08002a2c   0x00000180   Code   RO          432    i.HAL_CAN_MspInit   can.o
    0x08002bac   0x08002bac   0x00000002   Code   RO         3642    i.HAL_CAN_RxFifo0FullCallback  stm32f4xx_hal_can.o
    0x08002bae   0x08002bae   0x0000000e   Code   RO         4593    i.HAL_CAN_RxFifo0MsgPendingCallback  bsp_can.o
    0x08002bbc   0x08002bbc   0x00000002   Code   RO         3644    i.HAL_CAN_RxFifo1FullCallback  stm32f4xx_hal_can.o
    0x08002bbe   0x08002bbe   0x0000000e   Code   RO         4594    i.HAL_CAN_RxFifo1MsgPendingCallback  bsp_can.o
    0x08002bcc   0x08002bcc   0x00000002   Code   RO         3646    i.HAL_CAN_SleepCallback  stm32f4xx_hal_can.o
    0x08002bce   0x08002bce   0x0000005e   Code   RO         3647    i.HAL_CAN_Start     stm32f4xx_hal_can.o
    0x08002c2c   0x08002c2c   0x00000002   Code   RO         3649    i.HAL_CAN_TxMailbox0AbortCallback  stm32f4xx_hal_can.o
    0x08002c2e   0x08002c2e   0x00000002   Code   RO         3650    i.HAL_CAN_TxMailbox0CompleteCallback  stm32f4xx_hal_can.o
    0x08002c30   0x08002c30   0x00000002   Code   RO         3651    i.HAL_CAN_TxMailbox1AbortCallback  stm32f4xx_hal_can.o
    0x08002c32   0x08002c32   0x00000002   Code   RO         3652    i.HAL_CAN_TxMailbox1CompleteCallback  stm32f4xx_hal_can.o
    0x08002c34   0x08002c34   0x00000002   Code   RO         3653    i.HAL_CAN_TxMailbox2AbortCallback  stm32f4xx_hal_can.o
    0x08002c36   0x08002c36   0x00000002   Code   RO         3654    i.HAL_CAN_TxMailbox2CompleteCallback  stm32f4xx_hal_can.o
    0x08002c38   0x08002c38   0x00000002   Code   RO         3656    i.HAL_CAN_WakeUpFromRxMsgCallback  stm32f4xx_hal_can.o
    0x08002c3a   0x08002c3a   0x00000028   Code   RO         2929    i.HAL_DMA_Abort_IT  stm32f4xx_hal_dma.o
    0x08002c62   0x08002c62   0x00000002   PAD
    0x08002c64   0x08002c64   0x00000240   Code   RO         2933    i.HAL_DMA_IRQHandler  stm32f4xx_hal_dma.o
    0x08002ea4   0x08002ea4   0x000000ec   Code   RO         2934    i.HAL_DMA_Init      stm32f4xx_hal_dma.o
    0x08002f90   0x08002f90   0x00000092   Code   RO         2938    i.HAL_DMA_Start_IT  stm32f4xx_hal_dma.o
    0x08003022   0x08003022   0x00000002   PAD
    0x08003024   0x08003024   0x00000028   Code   RO         3370    i.HAL_Delay         stm32f4xx_hal.o
    0x0800304c   0x0800304c   0x000001f4   Code   RO         2821    i.HAL_GPIO_Init     stm32f4xx_hal_gpio.o
    0x08003240   0x08003240   0x00000010   Code   RO         2823    i.HAL_GPIO_ReadPin  stm32f4xx_hal_gpio.o
    0x08003250   0x08003250   0x0000000c   Code   RO         2825    i.HAL_GPIO_WritePin  stm32f4xx_hal_gpio.o
    0x0800325c   0x0800325c   0x0000000c   Code   RO         3376    i.HAL_GetTick       stm32f4xx_hal.o
    0x08003268   0x08003268   0x00000018   Code   RO         3382    i.HAL_IncTick       stm32f4xx_hal.o
    0x08003280   0x08003280   0x0000003c   Code   RO         3383    i.HAL_Init          stm32f4xx_hal.o
    0x080032bc   0x080032bc   0x000000b4   Code   RO          802    i.HAL_InitTick      stm32f4xx_hal_timebase_tim.o
    0x08003370   0x08003370   0x00000054   Code   RO          778    i.HAL_MspInit       stm32f4xx_hal_msp.o
    0x080033c4   0x080033c4   0x00000028   Code   RO         3213    i.HAL_NVIC_EnableIRQ  stm32f4xx_hal_cortex.o
    0x080033ec   0x080033ec   0x0000007c   Code   RO         3219    i.HAL_NVIC_SetPriority  stm32f4xx_hal_cortex.o
    0x08003468   0x08003468   0x00000028   Code   RO         3220    i.HAL_NVIC_SetPriorityGrouping  stm32f4xx_hal_cortex.o
    0x08003490   0x08003490   0x00000002   Code   RO         2069    i.HAL_PCDEx_LPM_Callback  stm32f4xx_hal_pcd_ex.o
    0x08003492   0x08003492   0x0000000a   Code   RO         2070    i.HAL_PCDEx_SetRxFiFo  stm32f4xx_hal_pcd_ex.o
    0x0800349c   0x0800349c   0x0000004e   Code   RO         2071    i.HAL_PCDEx_SetTxFiFo  stm32f4xx_hal_pcd_ex.o
    0x080034ea   0x080034ea   0x0000000e   Code   RO         7797    i.HAL_PCD_ConnectCallback  usbd_conf.o
    0x080034f8   0x080034f8   0x00000020   Code   RO         7798    i.HAL_PCD_DataInStageCallback  usbd_conf.o
    0x08003518   0x08003518   0x00000020   Code   RO         7799    i.HAL_PCD_DataOutStageCallback  usbd_conf.o
    0x08003538   0x08003538   0x0000000e   Code   RO         7800    i.HAL_PCD_DisconnectCallback  usbd_conf.o
    0x08003546   0x08003546   0x00000042   Code   RO         1834    i.HAL_PCD_EP_Abort  stm32f4xx_hal_pcd.o
    0x08003588   0x08003588   0x0000006a   Code   RO         1835    i.HAL_PCD_EP_Close  stm32f4xx_hal_pcd.o
    0x080035f2   0x080035f2   0x0000007c   Code   RO         1836    i.HAL_PCD_EP_ClrStall  stm32f4xx_hal_pcd.o
    0x0800366e   0x0800366e   0x00000016   Code   RO         1838    i.HAL_PCD_EP_GetRxCount  stm32f4xx_hal_pcd.o
    0x08003684   0x08003684   0x0000008e   Code   RO         1839    i.HAL_PCD_EP_Open   stm32f4xx_hal_pcd.o
    0x08003712   0x08003712   0x00000046   Code   RO         1840    i.HAL_PCD_EP_Receive  stm32f4xx_hal_pcd.o
    0x08003758   0x08003758   0x0000008a   Code   RO         1841    i.HAL_PCD_EP_SetStall  stm32f4xx_hal_pcd.o
    0x080037e2   0x080037e2   0x00000048   Code   RO         1842    i.HAL_PCD_EP_Transmit  stm32f4xx_hal_pcd.o
    0x0800382a   0x0800382a   0x000006ca   Code   RO         1844    i.HAL_PCD_IRQHandler  stm32f4xx_hal_pcd.o
    0x08003ef4   0x08003ef4   0x00000012   Code   RO         7801    i.HAL_PCD_ISOINIncompleteCallback  usbd_conf.o
    0x08003f06   0x08003f06   0x00000012   Code   RO         7802    i.HAL_PCD_ISOOUTIncompleteCallback  usbd_conf.o
    0x08003f18   0x08003f18   0x0000015e   Code   RO         1847    i.HAL_PCD_Init      stm32f4xx_hal_pcd.o
    0x08004076   0x08004076   0x00000002   PAD
    0x08004078   0x08004078   0x000000a8   Code   RO         7804    i.HAL_PCD_MspInit   usbd_conf.o
    0x08004120   0x08004120   0x00000030   Code   RO         7805    i.HAL_PCD_ResetCallback  usbd_conf.o
    0x08004150   0x08004150   0x0000000e   Code   RO         7806    i.HAL_PCD_ResumeCallback  usbd_conf.o
    0x0800415e   0x0800415e   0x0000000e   Code   RO         7807    i.HAL_PCD_SOFCallback  usbd_conf.o
    0x0800416c   0x0800416c   0x00000034   Code   RO         1853    i.HAL_PCD_SetAddress  stm32f4xx_hal_pcd.o
    0x080041a0   0x080041a0   0x00000012   Code   RO         7808    i.HAL_PCD_SetupStageCallback  usbd_conf.o
    0x080041b2   0x080041b2   0x0000004c   Code   RO         1856    i.HAL_PCD_Start     stm32f4xx_hal_pcd.o
    0x080041fe   0x080041fe   0x00000002   PAD
    0x08004200   0x08004200   0x00000034   Code   RO         7809    i.HAL_PCD_SuspendCallback  usbd_conf.o
    0x08004234   0x08004234   0x00000184   Code   RO         2422    i.HAL_RCC_ClockConfig  stm32f4xx_hal_rcc.o
    0x080043b8   0x080043b8   0x00000044   Code   RO         2426    i.HAL_RCC_GetClockConfig  stm32f4xx_hal_rcc.o
    0x080043fc   0x080043fc   0x0000000c   Code   RO         2427    i.HAL_RCC_GetHCLKFreq  stm32f4xx_hal_rcc.o
    0x08004408   0x08004408   0x00000020   Code   RO         2429    i.HAL_RCC_GetPCLK1Freq  stm32f4xx_hal_rcc.o
    0x08004428   0x08004428   0x00000020   Code   RO         2430    i.HAL_RCC_GetPCLK2Freq  stm32f4xx_hal_rcc.o
    0x08004448   0x08004448   0x000000b0   Code   RO         2431    i.HAL_RCC_GetSysClockFreq  stm32f4xx_hal_rcc.o
    0x080044f8   0x080044f8   0x0000049c   Code   RO         2434    i.HAL_RCC_OscConfig  stm32f4xx_hal_rcc.o
    0x08004994   0x08004994   0x00000002   Code   RO         3862    i.HAL_SPI_ErrorCallback  stm32f4xx_hal_spi.o
    0x08004996   0x08004996   0x00000002   PAD
    0x08004998   0x08004998   0x0000015c   Code   RO         3865    i.HAL_SPI_IRQHandler  stm32f4xx_hal_spi.o
    0x08004af4   0x08004af4   0x000000c8   Code   RO         3866    i.HAL_SPI_Init      stm32f4xx_hal_spi.o
    0x08004bbc   0x08004bbc   0x00000168   Code   RO          505    i.HAL_SPI_MspInit   spi.o
    0x08004d24   0x08004d24   0x00000248   Code   RO         3875    i.HAL_SPI_TransmitReceive  stm32f4xx_hal_spi.o
    0x08004f6c   0x08004f6c   0x00000002   Code   RO         1558    i.HAL_TIMEx_BreakCallback  stm32f4xx_hal_tim_ex.o
    0x08004f6e   0x08004f6e   0x00000002   Code   RO         1559    i.HAL_TIMEx_CommutCallback  stm32f4xx_hal_tim_ex.o
    0x08004f70   0x08004f70   0x00000066   Code   RO          843    i.HAL_TIM_Base_Init  stm32f4xx_hal_tim.o
    0x08004fd6   0x08004fd6   0x00000002   PAD
    0x08004fd8   0x08004fd8   0x00000034   Code   RO          547    i.HAL_TIM_Base_MspInit  tim.o
    0x0800500c   0x0800500c   0x000000a8   Code   RO          848    i.HAL_TIM_Base_Start_IT  stm32f4xx_hal_tim.o
    0x080050b4   0x080050b4   0x00000002   Code   RO          877    i.HAL_TIM_IC_CaptureCallback  stm32f4xx_hal_tim.o
    0x080050b6   0x080050b6   0x0000016c   Code   RO          891    i.HAL_TIM_IRQHandler  stm32f4xx_hal_tim.o
    0x08005222   0x08005222   0x00000002   PAD
    0x08005224   0x08005224   0x00000060   Code   RO          548    i.HAL_TIM_MspPostInit  tim.o
    0x08005284   0x08005284   0x00000002   Code   RO          894    i.HAL_TIM_OC_DelayElapsedCallback  stm32f4xx_hal_tim.o
    0x08005286   0x08005286   0x00000104   Code   RO          915    i.HAL_TIM_PWM_ConfigChannel  stm32f4xx_hal_tim.o
    0x0800538a   0x0800538a   0x00000066   Code   RO          918    i.HAL_TIM_PWM_Init  stm32f4xx_hal_tim.o
    0x080053f0   0x080053f0   0x00000002   Code   RO          920    i.HAL_TIM_PWM_MspInit  stm32f4xx_hal_tim.o
    0x080053f2   0x080053f2   0x00000002   Code   RO          921    i.HAL_TIM_PWM_PulseFinishedCallback  stm32f4xx_hal_tim.o
    0x080053f4   0x080053f4   0x00000018   Code   RO           14    i.HAL_TIM_PeriodElapsedCallback  main.o
    0x0800540c   0x0800540c   0x00000002   Code   RO          934    i.HAL_TIM_TriggerCallback  stm32f4xx_hal_tim.o
    0x0800540e   0x0800540e   0x00000070   Code   RO         4187    i.HAL_UARTEx_ReceiveToIdle_DMA  stm32f4xx_hal_uart.o
    0x0800547e   0x0800547e   0x00000002   PAD
    0x08005480   0x08005480   0x00000098   Code   RO         4732    i.HAL_UARTEx_RxEventCallback  bsp_usart.o
    0x08005518   0x08005518   0x00000070   Code   RO         4733    i.HAL_UART_ErrorCallback  bsp_usart.o
    0x08005588   0x08005588   0x00000076   Code   RO         4207    i.HAL_UART_Init     stm32f4xx_hal_uart.o
    0x080055fe   0x080055fe   0x00000002   PAD
    0x08005600   0x08005600   0x000002b8   Code   RO          595    i.HAL_UART_MspInit  usart.o
    0x080058b8   0x080058b8   0x00000002   Code   RO         4213    i.HAL_UART_RxCpltCallback  stm32f4xx_hal_uart.o
    0x080058ba   0x080058ba   0x00000002   Code   RO         4214    i.HAL_UART_RxHalfCpltCallback  stm32f4xx_hal_uart.o
    0x080058bc   0x080058bc   0x00000130   Code   RO         5584    i.H_K_R_Adjustment  kalman_filter.o
    0x080059ec   0x080059ec   0x00000004   Code   RO          664    i.HardFault_Handler  stm32f4xx_it.o
    0x080059f0   0x080059f0   0x0000000c   Code   RO         5484    i.IMUPWMSet         ins_task.o
    0x080059fc   0x080059fc   0x00000374   Code   RO         5485    i.IMU_Param_Correction  ins_task.o
    0x08005d70   0x08005d70   0x0000060c   Code   RO         5795    i.IMU_QuaternionEKF_Update  quaternionekf.o
    0x0800637c   0x0800637c   0x0000006c   Code   RO         5486    i.IMU_Temperature_Ctrl  ins_task.o
    0x080063e8   0x080063e8   0x00000218   Code   RO         5488    i.INS_Task          ins_task.o
    0x08006600   0x08006600   0x00000012   Code   RO          291    i.ImuTask_f         freertos.o
    0x08006612   0x08006612   0x0000003e   Code   RO         7652    i.IntToUnicode      usbd_desc.o
    0x08006650   0x08006650   0x00000050   Code   RO         5586    i.Kalman_Filter_Measure  kalman_filter.o
    0x080066a0   0x080066a0   0x00000068   Code   RO         5587    i.Kalman_Filter_P_Update  kalman_filter.o
    0x08006708   0x08006708   0x00000068   Code   RO         5588    i.Kalman_Filter_PminusUpdate  kalman_filter.o
    0x08006770   0x08006770   0x000000d2   Code   RO         5589    i.Kalman_Filter_SetK  kalman_filter.o
    0x08006842   0x08006842   0x00000002   PAD
    0x08006844   0x08006844   0x00000128   Code   RO         5590    i.Kalman_Filter_Update  kalman_filter.o
    0x0800696c   0x0800696c   0x0000007c   Code   RO         5591    i.Kalman_Filter_xhatMinusUpdate  kalman_filter.o
    0x080069e8   0x080069e8   0x00000086   Code   RO         5592    i.Kalman_Filter_xhatUpdate  kalman_filter.o
    0x08006a6e   0x08006a6e   0x00000002   PAD
    0x08006a70   0x08006a70   0x00000144   Code   RO         6196    i.LiftInit          catch.o
    0x08006bb4   0x08006bb4   0x00000044   Code   RO          433    i.MX_CAN1_Init      can.o
    0x08006bf8   0x08006bf8   0x00000044   Code   RO          434    i.MX_CAN2_Init      can.o
    0x08006c3c   0x08006c3c   0x00000088   Code   RO          480    i.MX_DMA_Init       dma.o
    0x08006cc4   0x08006cc4   0x0000007c   Code   RO          292    i.MX_FREERTOS_Init  freertos.o
    0x08006d40   0x08006d40   0x00000260   Code   RO          265    i.MX_GPIO_Init      gpio.o
    0x08006fa0   0x08006fa0   0x00000048   Code   RO          506    i.MX_SPI1_Init      spi.o
    0x08006fe8   0x08006fe8   0x0000006c   Code   RO          549    i.MX_TIM10_Init     tim.o
    0x08007054   0x08007054   0x00000038   Code   RO          596    i.MX_USART1_UART_Init  usart.o
    0x0800708c   0x0800708c   0x00000038   Code   RO          597    i.MX_USART2_UART_Init  usart.o
    0x080070c4   0x080070c4   0x0000003c   Code   RO          598    i.MX_USART3_UART_Init  usart.o
    0x08007100   0x08007100   0x00000038   Code   RO          599    i.MX_USART6_UART_Init  usart.o
    0x08007138   0x08007138   0x0000004c   Code   RO         7616    i.MX_USB_DEVICE_Init  usb_device.o
    0x08007184   0x08007184   0x00000004   Code   RO          665    i.MemManage_Handler  stm32f4xx_it.o
    0x08007188   0x08007188   0x0000014c   Code   RO         4924    i.MotorSenderGrouping  dji_motor.o
    0x080072d4   0x080072d4   0x00000004   Code   RO          666    i.NMI_Handler       stm32f4xx_it.o
    0x080072d8   0x080072d8   0x00000010   Code   RO          667    i.OTG_FS_IRQHandler  stm32f4xx_it.o
    0x080072e8   0x080072e8   0x00000064   Code   RO         1860    i.PCD_EP_OutSetupPacket_int  stm32f4xx_hal_pcd.o
    0x0800734c   0x0800734c   0x00000144   Code   RO         1861    i.PCD_EP_OutXfrComplete_int  stm32f4xx_hal_pcd.o
    0x08007490   0x08007490   0x000000b6   Code   RO         1862    i.PCD_WriteEmptyTxFifo  stm32f4xx_hal_pcd.o
    0x08007546   0x08007546   0x00000002   PAD
    0x08007548   0x08007548   0x00000184   Code   RO         4801    i.PIDCalculate      controller.o
    0x080076cc   0x080076cc   0x00000064   Code   RO         4802    i.PIDInit           controller.o
    0x08007730   0x08007730   0x00000020   Code   RO         5176    i.RCLostCallback    remote.o
    0x08007750   0x08007750   0x00000030   Code   RO         5177    i.RectifyRCjoystick  remote.o
    0x08007780   0x08007780   0x00000054   Code   RO         5178    i.RemoteControlInit  remote.o
    0x080077d4   0x080077d4   0x0000001c   Code   RO         5180    i.RemoteControlRxCallback  remote.o
    0x080077f0   0x080077f0   0x0000003c   Code   RO         5908    i.RingBuffer_Read   usb.o
    0x0800782c   0x0800782c   0x00000010   Code   RO          668    i.SPI1_IRQHandler   stm32f4xx_it.o
    0x0800783c   0x0800783c   0x00000014   Code   RO         3893    i.SPI_DMAAbortOnError  stm32f4xx_hal_spi.o
    0x08007850   0x08007850   0x00000088   Code   RO         3904    i.SPI_EndRxTxTransaction  stm32f4xx_hal_spi.o
    0x080078d8   0x080078d8   0x000000d8   Code   RO         3909    i.SPI_WaitFlagStateUntilTimeout  stm32f4xx_hal_spi.o
    0x080079b0   0x080079b0   0x00000012   Code   RO         8174    i.SWAPBYTE          usbd_ctlreq.o
    0x080079c2   0x080079c2   0x00000002   PAD
    0x080079c4   0x080079c4   0x00000034   Code   RO         7537    i.SysTick_Handler   port.o
    0x080079f8   0x080079f8   0x000000b4   Code   RO           15    i.SystemClock_Config  main.o
    0x08007aac   0x08007aac   0x00000014   Code   RO         4551    i.SystemInit        system_stm32f4xx.o
    0x08007ac0   0x08007ac0   0x00000010   Code   RO          669    i.TIM8_TRG_COM_TIM14_IRQHandler  stm32f4xx_it.o
    0x08007ad0   0x08007ad0   0x000000e0   Code   RO          936    i.TIM_Base_SetConfig  stm32f4xx_hal_tim.o
    0x08007bb0   0x08007bb0   0x00000070   Code   RO          949    i.TIM_OC1_SetConfig  stm32f4xx_hal_tim.o
    0x08007c20   0x08007c20   0x0000007c   Code   RO          950    i.TIM_OC2_SetConfig  stm32f4xx_hal_tim.o
    0x08007c9c   0x08007c9c   0x00000078   Code   RO          951    i.TIM_OC3_SetConfig  stm32f4xx_hal_tim.o
    0x08007d14   0x08007d14   0x00000054   Code   RO          952    i.TIM_OC4_SetConfig  stm32f4xx_hal_tim.o
    0x08007d68   0x08007d68   0x00000050   Code   RO         4221    i.UART_DMAError     stm32f4xx_hal_uart.o
    0x08007db8   0x08007db8   0x000000b4   Code   RO         4222    i.UART_DMAReceiveCplt  stm32f4xx_hal_uart.o
    0x08007e6c   0x08007e6c   0x00000024   Code   RO         4224    i.UART_DMARxHalfCplt  stm32f4xx_hal_uart.o
    0x08007e90   0x08007e90   0x0000006c   Code   RO         4230    i.UART_EndRxTransfer  stm32f4xx_hal_uart.o
    0x08007efc   0x08007efc   0x00000026   Code   RO         4232    i.UART_EndTxTransfer  stm32f4xx_hal_uart.o
    0x08007f22   0x08007f22   0x00000002   PAD
    0x08007f24   0x08007f24   0x0000022c   Code   RO         4234    i.UART_SetConfig    stm32f4xx_hal_uart.o
    0x08008150   0x08008150   0x000000d8   Code   RO         4235    i.UART_Start_Receive_DMA  stm32f4xx_hal_uart.o
    0x08008228   0x08008228   0x00000050   Code   RO         4735    i.USARTRegister     bsp_usart.o
    0x08008278   0x08008278   0x0000002c   Code   RO         4737    i.USARTServiceInit  bsp_usart.o
    0x080082a4   0x080082a4   0x000000be   Code   RO         8345    i.USBD_CDC_DataIn   usbd_cdc.o
    0x08008362   0x08008362   0x00000048   Code   RO         8346    i.USBD_CDC_DataOut  usbd_cdc.o
    0x080083aa   0x080083aa   0x00000002   PAD
    0x080083ac   0x080083ac   0x000000d4   Code   RO         8347    i.USBD_CDC_DeInit   usbd_cdc.o
    0x08008480   0x08008480   0x00000050   Code   RO         8348    i.USBD_CDC_EP0_RxReady  usbd_cdc.o
    0x080084d0   0x080084d0   0x00000010   Code   RO         8349    i.USBD_CDC_GetDeviceQualifierDescriptor  usbd_cdc.o
    0x080084e0   0x080084e0   0x00000044   Code   RO         8350    i.USBD_CDC_GetFSCfgDesc  usbd_cdc.o
    0x08008524   0x08008524   0x00000048   Code   RO         8351    i.USBD_CDC_GetHSCfgDesc  usbd_cdc.o
    0x0800856c   0x0800856c   0x00000044   Code   RO         8352    i.USBD_CDC_GetOtherSpeedCfgDesc  usbd_cdc.o
    0x080085b0   0x080085b0   0x000001a0   Code   RO         8353    i.USBD_CDC_Init     usbd_cdc.o
    0x08008750   0x08008750   0x00000050   Code   RO         8354    i.USBD_CDC_ReceivePacket  usbd_cdc.o
    0x080087a0   0x080087a0   0x00000018   Code   RO         8355    i.USBD_CDC_RegisterInterface  usbd_cdc.o
    0x080087b8   0x080087b8   0x0000001e   Code   RO         8356    i.USBD_CDC_SetRxBuffer  usbd_cdc.o
    0x080087d6   0x080087d6   0x00000024   Code   RO         8357    i.USBD_CDC_SetTxBuffer  usbd_cdc.o
    0x080087fa   0x080087fa   0x00000140   Code   RO         8358    i.USBD_CDC_Setup    usbd_cdc.o
    0x0800893a   0x0800893a   0x00000002   PAD
    0x0800893c   0x0800893c   0x00000058   Code   RO         8359    i.USBD_CDC_TransmitPacket  usbd_cdc.o
    0x08008994   0x08008994   0x0000001c   Code   RO         8008    i.USBD_ClrClassConfig  usbd_core.o
    0x080089b0   0x080089b0   0x0000003e   Code   RO         8175    i.USBD_ClrFeature   usbd_ctlreq.o
    0x080089ee   0x080089ee   0x00000006   Code   RO         8009    i.USBD_CoreFindEP   usbd_core.o
    0x080089f4   0x080089f4   0x00000006   Code   RO         8010    i.USBD_CoreFindIF   usbd_core.o
    0x080089fa   0x080089fa   0x00000018   Code   RO         8281    i.USBD_CtlContinueRx  usbd_ioreq.o
    0x08008a12   0x08008a12   0x00000018   Code   RO         8282    i.USBD_CtlContinueSendData  usbd_ioreq.o
    0x08008a2a   0x08008a2a   0x00000018   Code   RO         8176    i.USBD_CtlError     usbd_ctlreq.o
    0x08008a42   0x08008a42   0x0000002e   Code   RO         8283    i.USBD_CtlPrepareRx  usbd_ioreq.o
    0x08008a70   0x08008a70   0x0000001a   Code   RO         8284    i.USBD_CtlReceiveStatus  usbd_ioreq.o
    0x08008a8a   0x08008a8a   0x00000024   Code   RO         8285    i.USBD_CtlSendData  usbd_ioreq.o
    0x08008aae   0x08008aae   0x0000001a   Code   RO         8286    i.USBD_CtlSendStatus  usbd_ioreq.o
    0x08008ac8   0x08008ac8   0x00000034   Code   RO         7653    i.USBD_FS_ConfigStrDescriptor  usbd_desc.o
    0x08008afc   0x08008afc   0x00000010   Code   RO         7654    i.USBD_FS_DeviceDescriptor  usbd_desc.o
    0x08008b0c   0x08008b0c   0x00000038   Code   RO         7655    i.USBD_FS_InterfaceStrDescriptor  usbd_desc.o
    0x08008b44   0x08008b44   0x00000010   Code   RO         7656    i.USBD_FS_LangIDStrDescriptor  usbd_desc.o
    0x08008b54   0x08008b54   0x0000002c   Code   RO         7657    i.USBD_FS_ManufacturerStrDescriptor  usbd_desc.o
    0x08008b80   0x08008b80   0x00000040   Code   RO         7658    i.USBD_FS_ProductStrDescriptor  usbd_desc.o
    0x08008bc0   0x08008bc0   0x00000018   Code   RO         7659    i.USBD_FS_SerialStrDescriptor  usbd_desc.o
    0x08008bd8   0x08008bd8   0x00000056   Code   RO         8177    i.USBD_GetConfig    usbd_ctlreq.o
    0x08008c2e   0x08008c2e   0x000001fc   Code   RO         8178    i.USBD_GetDescriptor  usbd_ctlreq.o
    0x08008e2a   0x08008e2a   0x00000050   Code   RO         8012    i.USBD_GetEpDesc    usbd_core.o
    0x08008e7a   0x08008e7a   0x00000016   Code   RO         8179    i.USBD_GetLen       usbd_ctlreq.o
    0x08008e90   0x08008e90   0x00000014   Code   RO         8013    i.USBD_GetNextDesc  usbd_core.o
    0x08008ea4   0x08008ea4   0x0000005a   Code   RO         8180    i.USBD_GetStatus    usbd_ctlreq.o
    0x08008efe   0x08008efe   0x00000068   Code   RO         8181    i.USBD_GetString    usbd_ctlreq.o
    0x08008f66   0x08008f66   0x0000002c   Code   RO         7810    i.USBD_Get_USB_Status  usbd_conf.o
    0x08008f92   0x08008f92   0x0000003a   Code   RO         8014    i.USBD_Init         usbd_core.o
    0x08008fcc   0x08008fcc   0x00000026   Code   RO         7811    i.USBD_LL_ClearStallEP  usbd_conf.o
    0x08008ff2   0x08008ff2   0x00000026   Code   RO         7812    i.USBD_LL_CloseEP   usbd_conf.o
    0x08009018   0x08009018   0x00000110   Code   RO         8015    i.USBD_LL_DataInStage  usbd_core.o
    0x08009128   0x08009128   0x0000010a   Code   RO         8016    i.USBD_LL_DataOutStage  usbd_core.o
    0x08009232   0x08009232   0x00000006   Code   RO         8017    i.USBD_LL_DevConnected  usbd_core.o
    0x08009238   0x08009238   0x00000026   Code   RO         8018    i.USBD_LL_DevDisconnected  usbd_core.o
    0x0800925e   0x0800925e   0x00000012   Code   RO         7816    i.USBD_LL_GetRxDataSize  usbd_conf.o
    0x08009270   0x08009270   0x00000068   Code   RO         7817    i.USBD_LL_Init      usbd_conf.o
    0x080092d8   0x080092d8   0x00000038   Code   RO         7818    i.USBD_LL_IsStallEP  usbd_conf.o
    0x08009310   0x08009310   0x00000048   Code   RO         8019    i.USBD_LL_IsoINIncomplete  usbd_core.o
    0x08009358   0x08009358   0x00000048   Code   RO         8020    i.USBD_LL_IsoOUTIncomplete  usbd_core.o
    0x080093a0   0x080093a0   0x00000030   Code   RO         7819    i.USBD_LL_OpenEP    usbd_conf.o
    0x080093d0   0x080093d0   0x00000030   Code   RO         7820    i.USBD_LL_PrepareReceive  usbd_conf.o
    0x08009400   0x08009400   0x0000006e   Code   RO         8021    i.USBD_LL_Reset     usbd_core.o
    0x0800946e   0x0800946e   0x00000016   Code   RO         8022    i.USBD_LL_Resume    usbd_core.o
    0x08009484   0x08009484   0x00000028   Code   RO         8023    i.USBD_LL_SOF       usbd_core.o
    0x080094ac   0x080094ac   0x00000008   Code   RO         8024    i.USBD_LL_SetSpeed  usbd_core.o
    0x080094b4   0x080094b4   0x00000026   Code   RO         7821    i.USBD_LL_SetUSBAddress  usbd_conf.o
    0x080094da   0x080094da   0x00000076   Code   RO         8025    i.USBD_LL_SetupStage  usbd_core.o
    0x08009550   0x08009550   0x00000026   Code   RO         7822    i.USBD_LL_StallEP   usbd_conf.o
    0x08009576   0x08009576   0x0000001e   Code   RO         7823    i.USBD_LL_Start     usbd_conf.o
    0x08009594   0x08009594   0x0000001c   Code   RO         8026    i.USBD_LL_Suspend   usbd_core.o
    0x080095b0   0x080095b0   0x00000030   Code   RO         7825    i.USBD_LL_Transmit  usbd_conf.o
    0x080095e0   0x080095e0   0x00000036   Code   RO         8182    i.USBD_ParseSetupRequest  usbd_ctlreq.o
    0x08009616   0x08009616   0x00000048   Code   RO         8027    i.USBD_RegisterClass  usbd_core.o
    0x0800965e   0x0800965e   0x00000006   Code   RO         8028    i.USBD_RunTestMode  usbd_core.o
    0x08009664   0x08009664   0x0000005a   Code   RO         8183    i.USBD_SetAddress   usbd_ctlreq.o
    0x080096be   0x080096be   0x00000020   Code   RO         8029    i.USBD_SetClassConfig  usbd_core.o
    0x080096de   0x080096de   0x00000002   PAD
    0x080096e0   0x080096e0   0x00000104   Code   RO         8184    i.USBD_SetConfig    usbd_ctlreq.o
    0x080097e4   0x080097e4   0x00000038   Code   RO         8185    i.USBD_SetFeature   usbd_ctlreq.o
    0x0800981c   0x0800981c   0x0000000c   Code   RO         8030    i.USBD_Start        usbd_core.o
    0x08009828   0x08009828   0x000000ae   Code   RO         8186    i.USBD_StdDevReq    usbd_ctlreq.o
    0x080098d6   0x080098d6   0x00000284   Code   RO         8187    i.USBD_StdEPReq     usbd_ctlreq.o
    0x08009b5a   0x08009b5a   0x000000ae   Code   RO         8188    i.USBD_StdItfReq    usbd_ctlreq.o
    0x08009c08   0x08009c08   0x00000002   Code   RO         7826    i.USBD_static_free  usbd_conf.o
    0x08009c0a   0x08009c0a   0x00000002   PAD
    0x08009c0c   0x08009c0c   0x0000000c   Code   RO         7827    i.USBD_static_malloc  usbd_conf.o
    0x08009c18   0x08009c18   0x000000d0   Code   RO         2111    i.USB_ActivateEndpoint  stm32f4xx_ll_usb.o
    0x08009ce8   0x08009ce8   0x00000028   Code   RO         2113    i.USB_ActivateSetup  stm32f4xx_ll_usb.o
    0x08009d10   0x08009d10   0x0000008c   Code   RO         2115    i.USB_CoreInit      stm32f4xx_ll_usb.o
    0x08009d9c   0x08009d9c   0x00000062   Code   RO         2116    i.USB_CoreReset     stm32f4xx_ll_usb.o
    0x08009dfe   0x08009dfe   0x00000002   PAD
    0x08009e00   0x08009e00   0x0000014c   Code   RO         2119    i.USB_DeactivateEndpoint  stm32f4xx_ll_usb.o
    0x08009f4c   0x08009f4c   0x00000024   Code   RO         2120    i.USB_DevConnect    stm32f4xx_ll_usb.o
    0x08009f70   0x08009f70   0x00000024   Code   RO         2121    i.USB_DevDisconnect  stm32f4xx_ll_usb.o
    0x08009f94   0x08009f94   0x000001e8   Code   RO         2122    i.USB_DevInit       stm32f4xx_ll_usb.o
    0x0800a17c   0x0800a17c   0x0000000e   Code   RO         2123    i.USB_DisableGlobalInt  stm32f4xx_ll_usb.o
    0x0800a18a   0x0800a18a   0x00000002   PAD
    0x0800a18c   0x0800a18c   0x00000070   Code   RO         2126    i.USB_EP0_OutStart  stm32f4xx_ll_usb.o
    0x0800a1fc   0x0800a1fc   0x0000008e   Code   RO         2127    i.USB_EPClearStall  stm32f4xx_ll_usb.o
    0x0800a28a   0x0800a28a   0x0000009a   Code   RO         2128    i.USB_EPSetStall    stm32f4xx_ll_usb.o
    0x0800a324   0x0800a324   0x000003c0   Code   RO         2129    i.USB_EPStartXfer   stm32f4xx_ll_usb.o
    0x0800a6e4   0x0800a6e4   0x000000ec   Code   RO         2130    i.USB_EPStopXfer    stm32f4xx_ll_usb.o
    0x0800a7d0   0x0800a7d0   0x0000000e   Code   RO         2131    i.USB_EnableGlobalInt  stm32f4xx_ll_usb.o
    0x0800a7de   0x0800a7de   0x00000050   Code   RO         2132    i.USB_FlushRxFifo   stm32f4xx_ll_usb.o
    0x0800a82e   0x0800a82e   0x00000054   Code   RO         2133    i.USB_FlushTxFifo   stm32f4xx_ll_usb.o
    0x0800a882   0x0800a882   0x00000026   Code   RO         2135    i.USB_GetDevSpeed   stm32f4xx_ll_usb.o
    0x0800a8a8   0x0800a8a8   0x0000000a   Code   RO         2137    i.USB_GetMode       stm32f4xx_ll_usb.o
    0x0800a8b2   0x0800a8b2   0x00000018   Code   RO         5910    i.USB_ProcessTask   usb.o
    0x0800a8ca   0x0800a8ca   0x00000014   Code   RO         2145    i.USB_ReadDevAllInEpInterrupt  stm32f4xx_ll_usb.o
    0x0800a8de   0x0800a8de   0x00000014   Code   RO         2146    i.USB_ReadDevAllOutEpInterrupt  stm32f4xx_ll_usb.o
    0x0800a8f2   0x0800a8f2   0x00000032   Code   RO         2147    i.USB_ReadDevInEPInterrupt  stm32f4xx_ll_usb.o
    0x0800a924   0x0800a924   0x0000001a   Code   RO         2148    i.USB_ReadDevOutEPInterrupt  stm32f4xx_ll_usb.o
    0x0800a93e   0x0800a93e   0x0000000a   Code   RO         2149    i.USB_ReadInterrupts  stm32f4xx_ll_usb.o
    0x0800a948   0x0800a948   0x00000060   Code   RO         2150    i.USB_ReadPacket    stm32f4xx_ll_usb.o
    0x0800a9a8   0x0800a9a8   0x0000005c   Code   RO         5912    i.USB_RxHandler     usb.o
    0x0800aa04   0x0800aa04   0x00000068   Code   RO         2152    i.USB_SetCurrentMode  stm32f4xx_ll_usb.o
    0x0800aa6c   0x0800aa6c   0x0000002a   Code   RO         2153    i.USB_SetDevAddress  stm32f4xx_ll_usb.o
    0x0800aa96   0x0800aa96   0x00000012   Code   RO         2154    i.USB_SetDevSpeed   stm32f4xx_ll_usb.o
    0x0800aaa8   0x0800aaa8   0x000000e8   Code   RO         2155    i.USB_SetTurnaroundTime  stm32f4xx_ll_usb.o
    0x0800ab90   0x0800ab90   0x00000018   Code   RO         5913    i.USB_Transmit      usb.o
    0x0800aba8   0x0800aba8   0x00000044   Code   RO         2158    i.USB_WritePacket   stm32f4xx_ll_usb.o
    0x0800abec   0x0800abec   0x00000004   Code   RO          670    i.UsageFault_Handler  stm32f4xx_it.o
    0x0800abf0   0x0800abf0   0x00000008   Code   RO          293    i.Usb_f             freertos.o
    0x0800abf8   0x0800abf8   0x00000026   Code   RO         8943    i.__ARM_fpclassifyf  m_wm.l(fpclassifyf.o)
    0x0800ac1e   0x0800ac1e   0x00000002   PAD
    0x0800ac20   0x0800ac20   0x00000010   Code   RO         3226    i.__NVIC_GetPriorityGrouping  stm32f4xx_hal_cortex.o
    0x0800ac30   0x0800ac30   0x00000028   Code   RO         3227    i.__NVIC_SetPriority  stm32f4xx_hal_cortex.o
    0x0800ac58   0x0800ac58   0x0000012c   Code   RO         8780    i.__hardfp_asinf    m_wm.l(asinf.o)
    0x0800ad84   0x0800ad84   0x000002ac   Code   RO         8792    i.__hardfp_atan2f   m_wm.l(atan2f.o)
    0x0800b030   0x0800b030   0x00000006   Code   RO         8946    i.__mathlib_flt_infnan  m_wm.l(funder.o)
    0x0800b036   0x0800b036   0x00000006   Code   RO         8947    i.__mathlib_flt_infnan2  m_wm.l(funder.o)
    0x0800b03c   0x0800b03c   0x00000010   Code   RO         8948    i.__mathlib_flt_invalid  m_wm.l(funder.o)
    0x0800b04c   0x0800b04c   0x00000010   Code   RO         8951    i.__mathlib_flt_underflow  m_wm.l(funder.o)
    0x0800b05c   0x0800b05c   0x0000000c   Code   RO         6159    i.all_cmd_Task      test.o
    0x0800b068   0x0800b068   0x00000008   Code   RO         6160    i.all_init_Task     test.o
    0x0800b070   0x0800b070   0x00000034   Code   RO         6198    i.catch_all         catch.o
    0x0800b0a4   0x0800b0a4   0x00000024   Code   RO         6199    i.catch_init        catch.o
    0x0800b0c8   0x0800b0c8   0x00000048   Code   RO         6201    i.dianji_init       catch.o
    0x0800b110   0x0800b110   0x00000060   Code   RO         6202    i.duoji_init        catch.o
    0x0800b170   0x0800b170   0x000000c8   Code   RO         4803    i.f_Changing_Integration_Rate  controller.o
    0x0800b238   0x0800b238   0x00000042   Code   RO         4804    i.f_Derivative_Filter  controller.o
    0x0800b27a   0x0800b27a   0x00000022   Code   RO         4805    i.f_Derivative_On_Measurement  controller.o
    0x0800b29c   0x0800b29c   0x000000d4   Code   RO         4806    i.f_Integral_Limit  controller.o
    0x0800b370   0x0800b370   0x00000042   Code   RO         4807    i.f_Output_Filter   controller.o
    0x0800b3b2   0x0800b3b2   0x0000003e   Code   RO         4808    i.f_Output_Limit    controller.o
    0x0800b3f0   0x0800b3f0   0x000000bc   Code   RO         4809    i.f_PID_ErrorHandle  controller.o
    0x0800b4ac   0x0800b4ac   0x00000084   Code   RO         4810    i.f_Trapezoid_Intergral  controller.o
    0x0800b530   0x0800b530   0x0000000a   Code   RO         4811    i.fabsf             controller.o
    0x0800b53a   0x0800b53a   0x0000002a   Code   RO         5672    i.float_constrain   user_lib.o
    0x0800b564   0x0800b564   0x00000048   Code   RO         5674    i.float_rounding    user_lib.o
    0x0800b5ac   0x0800b5ac   0x0000003c   Code   RO         5797    i.invSqrt           quaternionekf.o
    0x0800b5e8   0x0800b5e8   0x00000040   Code   RO           16    i.main              main.o
    0x0800b628   0x0800b628   0x0000000e   Code   RO         7102    i.makeFreeRtosPriority  cmsis_os.o
    0x0800b636   0x0800b636   0x00000002   PAD
    0x0800b638   0x0800b638   0x00000024   Code   RO         5915    i.on_receive_CmdVel  usb.o
    0x0800b65c   0x0800b65c   0x00000002   Code   RO         5916    i.on_receive_Handshake  usb.o
    0x0800b65e   0x0800b65e   0x00000002   PAD
    0x0800b660   0x0800b660   0x00000014   Code   RO         5917    i.on_receive_Heartbeat  usb.o
    0x0800b674   0x0800b674   0x00000018   Code   RO         7104    i.osDelay           cmsis_os.o
    0x0800b68c   0x0800b68c   0x0000000a   Code   RO         7107    i.osKernelStart     cmsis_os.o
    0x0800b696   0x0800b696   0x0000005e   Code   RO         7141    i.osThreadCreate    cmsis_os.o
    0x0800b6f4   0x0800b6f4   0x00000148   Code   RO         6017    i.protocol_fsm_feed  protocol.o
    0x0800b83c   0x0800b83c   0x00000098   Code   RO         6767    i.prvAddCurrentTaskToDelayedList  tasks.o
    0x0800b8d4   0x0800b8d4   0x000000b4   Code   RO         6768    i.prvAddNewTaskToReadyList  tasks.o
    0x0800b988   0x0800b988   0x00000048   Code   RO         6769    i.prvCheckTasksWaitingTermination  tasks.o
    0x0800b9d0   0x0800b9d0   0x00000050   Code   RO         6770    i.prvDeleteTCB      tasks.o
    0x0800ba20   0x0800ba20   0x0000007c   Code   RO         7469    i.prvHeapInit       heap_4.o
    0x0800ba9c   0x0800ba9c   0x00000028   Code   RO         6771    i.prvIdleTask       tasks.o
    0x0800bac4   0x0800bac4   0x000000b4   Code   RO         6772    i.prvInitialiseNewTask  tasks.o
    0x0800bb78   0x0800bb78   0x00000068   Code   RO         6773    i.prvInitialiseTaskLists  tasks.o
    0x0800bbe0   0x0800bbe0   0x00000068   Code   RO         7470    i.prvInsertBlockIntoFreeList  heap_4.o
    0x0800bc48   0x0800bc48   0x00000034   Code   RO         6774    i.prvResetNextTaskUnblockTime  tasks.o
    0x0800bc7c   0x0800bc7c   0x00000040   Code   RO         7538    i.prvTaskExitError  port.o
    0x0800bcbc   0x0800bcbc   0x0000014c   Code   RO         7471    i.pvPortMalloc      heap_4.o
    0x0800be08   0x0800be08   0x0000002c   Code   RO         7539    i.pxPortInitialiseStack  port.o
    0x0800be34   0x0800be34   0x000001a8   Code   RO         5181    i.sbus_to_rc        remote.o
    0x0800bfdc   0x0800bfdc   0x0000006c   Code   RO         6018    i.send_Handshake    protocol.o
    0x0800c048   0x0800c048   0x0000003e   Code   RO         8830    i.sqrtf             m_wm.l(sqrtf.o)
    0x0800c086   0x0800c086   0x00000028   Code   RO         6396    i.uxListRemove      list.o
    0x0800c0ae   0x0800c0ae   0x00000002   PAD
    0x0800c0b0   0x0800c0b0   0x00000018   Code   RO          294    i.vApplicationGetIdleTaskMemory  freertos.o
    0x0800c0c8   0x0800c0c8   0x0000001a   Code   RO         6397    i.vListInitialise   list.o
    0x0800c0e2   0x0800c0e2   0x00000006   Code   RO         6398    i.vListInitialiseItem  list.o
    0x0800c0e8   0x0800c0e8   0x00000034   Code   RO         6399    i.vListInsert       list.o
    0x0800c11c   0x0800c11c   0x00000018   Code   RO         6400    i.vListInsertEnd    list.o
    0x0800c134   0x0800c134   0x00000054   Code   RO         7541    i.vPortEnterCritical  port.o
    0x0800c188   0x0800c188   0x0000003c   Code   RO         7542    i.vPortExitCritical  port.o
    0x0800c1c4   0x0800c1c4   0x000000a4   Code   RO         7472    i.vPortFree         heap_4.o
    0x0800c268   0x0800c268   0x00000028   Code   RO         7543    i.vPortSetupTimerInterrupt  port.o
    0x0800c290   0x0800c290   0x0000005c   Code   RO         6783    i.vTaskDelay        tasks.o
    0x0800c2ec   0x0800c2ec   0x000000b0   Code   RO         6797    i.vTaskStartScheduler  tasks.o
    0x0800c39c   0x0800c39c   0x00000010   Code   RO         6799    i.vTaskSuspendAll   tasks.o
    0x0800c3ac   0x0800c3ac   0x0000008c   Code   RO         6800    i.vTaskSwitchContext  tasks.o
    0x0800c438   0x0800c438   0x00000168   Code   RO         7545    i.xPortStartScheduler  port.o
    0x0800c5a0   0x0800c5a0   0x00000064   Code   RO         6803    i.xTaskCreate       tasks.o
    0x0800c604   0x0800c604   0x000000ba   Code   RO         6804    i.xTaskCreateStatic  tasks.o
    0x0800c6be   0x0800c6be   0x00000002   PAD
    0x0800c6c0   0x0800c6c0   0x00000148   Code   RO         6811    i.xTaskIncrementTick  tasks.o
    0x0800c808   0x0800c808   0x00000104   Code   RO         6817    i.xTaskResumeAll    tasks.o
    0x0800c90c   0x0800c90c   0x00000062   Code   RO         8752    x$fpl$d2f           fz_wm.l(d2f.o)
    0x0800c96e   0x0800c96e   0x00000002   PAD
    0x0800c970   0x0800c970   0x000002b0   Code   RO         8755    x$fpl$ddiv          fz_wm.l(ddiv.o)
    0x0800cc20   0x0800cc20   0x00000154   Code   RO         8764    x$fpl$dmul          fz_wm.l(dmul.o)
    0x0800cd74   0x0800cd74   0x0000009c   Code   RO         8934    x$fpl$dnaninf       fz_wm.l(dnaninf.o)
    0x0800ce10   0x0800ce10   0x0000000c   Code   RO         8936    x$fpl$dretinf       fz_wm.l(dretinf.o)
    0x0800ce1c   0x0800ce1c   0x00000056   Code   RO         8766    x$fpl$f2d           fz_wm.l(f2d.o)
    0x0800ce72   0x0800ce72   0x0000008c   Code   RO         8938    x$fpl$fnaninf       fz_wm.l(fnaninf.o)
    0x0800cefe   0x0800cefe   0x0000000a   Code   RO         9008    x$fpl$fpinit        fz_wm.l(fpinit.o)
    0x0800cf08   0x0800cf08   0x0000000a   Code   RO         8940    x$fpl$fretinf       fz_wm.l(fretinf.o)
    0x0800cf12   0x0800cf12   0x00000000   Code   RO         8942    x$fpl$usenofp       fz_wm.l(usenofp.o)
    0x0800cf12   0x0800cf12   0x00000002   PAD
    0x0800cf14   0x0800cf14   0x00000070   Data   RO          296    .constdata          freertos.o
    0x0800cf84   0x0800cf84   0x00000008   Data   RO         2940    .constdata          stm32f4xx_hal_dma.o
    0x0800cf8c   0x0800cf8c   0x00000018   Data   RO         4552    .constdata          system_stm32f4xx.o
    0x0800cfa4   0x0800cfa4   0x0000000c   Data   RO         4926    .constdata          dji_motor.o
    0x0800cfb0   0x0800cfb0   0x0000000c   Data   RO         5183    .constdata          remote.o
    0x0800cfbc   0x0800cfbc   0x00000068   Data   RO         5493    .constdata          ins_task.o
    0x0800d024   0x0800d024   0x00000090   Data   RO         5799    .constdata          quaternionekf.o
    0x0800d0b4   0x0800d0b4   0x00000104   Data   RO         6021    .constdata          protocol.o
    0x0800d1b8   0x0800d1b8   0x0000000c   Data   RO         6064    .constdata          feite_motor.o
    0x0800d1c4   0x0800d1c4   0x00000248   Data   RO         6207    .constdata          catch.o
    0x0800d40c   0x0800d40c   0x00000024   Data   RO          297    .conststring        freertos.o
    0x0800d430   0x0800d430   0x00000804   Data   RO         8635    .rodata.sinTable_f32  arm_cortexM4lf_math.lib(arm_common_tables.o)
    0x0800dc34   0x0800dc34   0x00000040   Data   RO         9099    Region$$Table       anon$$obj.o


    Execution Region RW_IRAM1 (Exec base: 0x20000000, Load base: 0x0800dc74, Size: 0x000182d8, Max: 0x0001c000, ABSOLUTE, COMPRESSED[0x000000a8])

    Exec Addr    Load Addr    Size         Type   Attr      Idx    E Section Name        Object

    0x20000000   COMPRESSED   0x00000010   Data   RW          298    .data               freertos.o
    0x20000010   COMPRESSED   0x00000001   Data   RW         4739    .data               bsp_usart.o
    0x20000011   COMPRESSED   0x00000003   PAD
    0x20000014   COMPRESSED   0x00000008   Data   RW         4812    .data               controller.o
    0x2000001c   COMPRESSED   0x0000018d   Data   RW         4927    .data               dji_motor.o
    0x200001a9   COMPRESSED   0x00000001   Data   RW         5300    .data               daemon.o
    0x200001aa   COMPRESSED   0x00000002   PAD
    0x200001ac   COMPRESSED   0x00000048   Data   RW         5356    .data               bmi088driver.o
    0x200001f4   COMPRESSED   0x00000004   Data   RW         5432    .data               bmi088middleware.o
    0x200001f8   COMPRESSED   0x000000d4   Data   RW         5800    .data               quaternionekf.o
    0x200002cc   COMPRESSED   0x00000007   Data   RW         6022    .data               protocol.o
    0x200002d3   COMPRESSED   0x00000001   Data   RW         6065    .data               feite_motor.o
    0x200002d4   COMPRESSED   0x00000020   Data   RW         7478    .data               heap_4.o
    0x200002f4   COMPRESSED   0x0000000c   Data   RW         7546    .data               port.o
    0x20000300   COMPRESSED   0x0000004e   Data   RW         7661    .data               usbd_desc.o
    0x2000034e   COMPRESSED   0x00000002   PAD
    0x20000350        -       0x00000264   Zero   RW          295    .bss                freertos.o
    0x200005b4        -       0x00000118   Zero   RW          507    .bss                spi.o
    0x200006cc        -       0x000001e0   Zero   RW          600    .bss                usart.o
    0x200008ac        -       0x00000048   Zero   RW          805    .bss                stm32f4xx_hal_timebase_tim.o
    0x200008f4        -       0x0000005c   Zero   RW         4595    .bss                bsp_can.o
    0x20000950        -       0x0000000c   Zero   RW         4738    .bss                bsp_usart.o
    0x2000095c        -       0x00000030   Zero   RW         4925    .bss                dji_motor.o
    0x2000098c        -       0x00000094   Zero   RW         5182    .bss                remote.o
    0x20000a20        -       0x00000080   Zero   RW         5299    .bss                daemon.o
    0x20000aa0        -       0x00000040   Zero   RW         5355    .bss                bmi088driver.o
    0x20000ae0        -       0x00000110   Zero   RW         5492    .bss                ins_task.o
    0x20000bf0        -       0x00000270   Zero   RW         5798    .bss                quaternionekf.o
    0x20000e60        -       0x0000040c   Zero   RW         5919    .bss                usb.o
    0x2000126c        -       0x00000100   Zero   RW         6020    .bss                protocol.o
    0x2000136c        -       0x0000047c   Zero   RW         6063    .bss                feite_motor.o
    0x200017e8        -       0x000000f0   Zero   RW         6819    .bss                tasks.o
    0x200018d8        -       0x00004e20   Zero   RW         7477    .bss                heap_4.o
    0x200066f8        -       0x000002dc   Zero   RW         7617    .bss                usb_device.o
    0x200069d4        -       0x00000200   Zero   RW         7660    .bss                usbd_desc.o
    0x20006bd4        -       0x00001000   Zero   RW         7738    .bss                usbd_cdc_if.o
    0x20007bd4        -       0x00000704   Zero   RW         7828    .bss                usbd_conf.o
    0x200082d8        -       0x00008000   Zero   RW            2    HEAP                startup_stm32f407xx.o
    0x200102d8        -       0x00008000   Zero   RW            1    STACK               startup_stm32f407xx.o


    Execution Region RW_IRAM2 (Exec base: 0x2001c000, Load base: 0x0800dd1c, Size: 0x000002dc, Max: 0x00004000, ABSOLUTE, COMPRESSED[0x0000008c])

    Exec Addr    Load Addr    Size         Type   Attr      Idx    E Section Name        Object

    0x2001c000   COMPRESSED   0x00000004   Data   RW          436    .data               can.o
    0x2001c004   COMPRESSED   0x00000009   Data   RW         3390    .data               stm32f4xx_hal.o
    0x2001c00d   COMPRESSED   0x00000003   PAD
    0x2001c010   COMPRESSED   0x00000004   Data   RW         4553    .data               system_stm32f4xx.o
    0x2001c014   COMPRESSED   0x0000000c   Data   RW         4596    .data               bsp_can.o
    0x2001c020   COMPRESSED   0x00000048   Data   RW         4665    .data               bsp_dwt.o
    0x2001c068   COMPRESSED   0x0000000c   Data   RW         5184    .data               remote.o
    0x2001c074   COMPRESSED   0x00000044   Data   RW         5494    .data               ins_task.o
    0x2001c0b8   COMPRESSED   0x00000004   Data   RW         5593    .data               kalman_filter.o
    0x2001c0bc   COMPRESSED   0x00000008   Data   RW         5680    .data               user_lib.o
    0x2001c0c4   COMPRESSED   0x00000011   Data   RW         5921    .data               usb.o
    0x2001c0d5   COMPRESSED   0x00000003   PAD
    0x2001c0d8   COMPRESSED   0x0000002c   Data   RW         6208    .data               catch.o
    0x2001c104   COMPRESSED   0x0000003c   Data   RW         6820    .data               tasks.o
    0x2001c140   COMPRESSED   0x00000014   Data   RW         7739    .data               usbd_cdc_if.o
    0x2001c154   COMPRESSED   0x00000001   Data   RW         8189    .data               usbd_ctlreq.o
    0x2001c155   COMPRESSED   0x00000003   PAD
    0x2001c158   COMPRESSED   0x0000008a   Data   RW         8360    .data               usbd_cdc.o
    0x2001c1e2   COMPRESSED   0x00000002   PAD
    0x2001c1e4        -       0x00000050   Zero   RW          435    .bss                can.o
    0x2001c234        -       0x00000048   Zero   RW          550    .bss                tim.o
    0x2001c27c        -       0x00000060   Zero   RW         8965    .bss                c_w.l(libspace.o)


==============================================================================

Image component sizes


      Code (inc. data)   RO Data    RW Data    ZI Data      Debug   Object Name

       674         22          0         72         64       6904   bmi088driver.o
       116         30          0          4          0       3472   bmi088middleware.o
       632         50          0         12         92       6356   bsp_can.o
       552        104          0         72          0       4384   bsp_dwt.o
       388         28          0          1         12       5629   bsp_usart.o
       520         44          0          4         80       2710   can.o
       580         94        584         44          0       8563   catch.o
       142          0          0          0          0      23347   cmsis_os.o
      1458         50          0          8          0      13216   controller.o
        94          8          0          1        128       2620   daemon.o
      1340         78         12        397         48      14814   dji_motor.o
       136          6          0          0          0       1002   dma.o
         0          0          0          0          0      14500   event_groups.o
       126         12         12          1       1148       3761   feite_motor.o
       198         32        148         16        612      29212   freertos.o
       608         24          0          0          0       1523   gpio.o
       724         74          0         32      20000       7723   heap_4.o
      2232        134        104         68        272       6762   ins_task.o
      1356         14          0          4          0       8270   kalman_filter.o
       148          0          0          0          0       3858   list.o
       274         14          0          0          0     758488   main.o
       894         78          0         12          0      11536   port.o
       436         42        260          7        256       3341   protocol.o
      1608         68        144        212        624       8846   quaternionekf.o
         0          0          0          0          0        416   ramp_contorller.o
       616         54         12         12        148       6548   remote.o
       432         38          0          0        280       2163   spi.o
        64         26        392          0      65536        868   startup_stm32f407xx.o
       136         24          0          9          0       9022   stm32f4xx_hal.o
      2236          4          0          0          0      15902   stm32f4xx_hal_can.o
       260         22          0          0          0      33722   stm32f4xx_hal_cortex.o
      1264         16          8          0          0       6526   stm32f4xx_hal_dma.o
       528         46          0          0          0       3007   stm32f4xx_hal_gpio.o
        84          6          0          0          0       1034   stm32f4xx_hal_msp.o
      3562         16          0          0          0      14316   stm32f4xx_hal_pcd.o
        90          0          0          0          0       2657   stm32f4xx_hal_pcd_ex.o
      1888         94          0          0          0       6609   stm32f4xx_hal_rcc.o
      1506         18          0          0          0       7210   stm32f4xx_hal_spi.o
      1670        112          0          0          0      11720   stm32f4xx_hal_tim.o
         4          0          0          0          0       1801   stm32f4xx_hal_tim_ex.o
       180         20          0          0         72       1672   stm32f4xx_hal_timebase_tim.o
      1448         24          0          0          0       8896   stm32f4xx_hal_uart.o
       198         66          0          0          0       8787   stm32f4xx_it.o
      3908         84          0          0          0      23756   stm32f4xx_ll_usb.o
        20          6         24          4          0       1327   system_stm32f4xx.o
      2158        270          0         60        240      21053   tasks.o
        20          0          0          0          0       1007   test.o
       256         28          0          0         72       2546   tim.o
       924        106          0          0        480       4267   usart.o
       258         46          0         17       1036       6580   usb.o
        76         16          0          0        732        828   usb_device.o
      1772         52          0        138          0      14857   usbd_cdc.o
       212         22          0         20       4096       4624   usbd_cdc_if.o
      1004         24          0          0       1796      18444   usbd_conf.o
      1372          0          0          0          0      17253   usbd_core.o
      2366         30          0          1          0      18504   usbd_ctlreq.o
       386        122          0         78        512       7289   usbd_desc.o
       182          0          0          0          0       5020   usbd_ioreq.o
       114         10          0          8          0       2355   user_lib.o

    ----------------------------------------------------------------------
     46494       2408       1764       1332      98336    1243423   Object Totals
         0          0         64          0          0          0   (incl. Generated)
        64          0          0         18          0          0   (incl. Padding)

    ----------------------------------------------------------------------

      Code (inc. data)   RO Data    RW Data    ZI Data      Debug   Library Member Name

         0          0       2052          0          0       6294   arm_common_tables.o
       152         12          0          0          0       1104   arm_cos_f32.o
       186          0          0          0          0       1797   arm_mat_add_f32.o
       756          4          0          0          0       3732   arm_mat_inverse_f32.o
       296          4          0          0          0       2300   arm_mat_mult_f32.o
       186          0          0          0          0       1795   arm_mat_sub_f32.o
       162          0          0          0          0       1865   arm_mat_trans_f32.o
       144         12          0          0          0       1092   arm_sin_f32.o
        90          0          0          0          0          0   __dczerorl2.o
         8          0          0          0          0         68   __main.o
         0          0          0          0          0          0   __rtentry.o
        12          0          0          0          0          0   __rtentry2.o
         6          0          0          0          0          0   __rtentry4.o
        52          8          0          0          0          0   __scatter.o
        28          0          0          0          0          0   __scatter_zi.o
        22          0          0          0          0        100   _rserrno.o
        10          0          0          0          0         68   defsig_exit.o
        50          0          0          0          0         88   defsig_general.o
        80         58          0          0          0         76   defsig_rtmem_inner.o
        14          0          0          0          0         80   defsig_rtmem_outer.o
        18          0          0          0          0         80   exit.o
        94          0          0          0          0         80   h1_alloc.o
        52          0          0          0          0         68   h1_extend.o
        78          0          0          0          0         80   h1_free.o
        14          0          0          0          0         84   h1_init.o
         6          0          0          0          0        152   heapauxi.o
         4          0          0          0          0        136   hguard.o
         0          0          0          0          0          0   indicate_semi.o
       138          0          0          0          0        168   init_alloc.o
         2          0          0          0          0          0   libinit.o
        14          0          0          0          0          0   libinit2.o
         2          0          0          0          0          0   libshutdown.o
         2          0          0          0          0          0   libshutdown2.o
         8          4          0          0         96         68   libspace.o
       238          0          0          0          0        100   lludivv7m.o
         0          0          0          0          0          0   maybetermalloc1.o
         8          4          0          0          0         68   rt_errno_addr_intlibspace.o
         8          4          0          0          0         68   rt_heap_descriptor_intlibspace.o
        68          0          0          0          0         68   rt_memclr.o
        78          0          0          0          0         80   rt_memclr_w.o
       138          0          0          0          0         68   rt_memcpy_v6.o
       100          0          0          0          0         80   rt_memcpy_w.o
         2          0          0          0          0          0   rtexit.o
        10          0          0          0          0          0   rtexit2.o
        12          4          0          0          0         68   sys_exit.o
        74          0          0          0          0         80   sys_stackheap_outer.o
        14          0          0          0          0         76   sys_wrch.o
         2          0          0          0          0         68   use_no_semi.o
        98          4          0          0          0        140   d2f.o
       688        140          0          0          0        256   ddiv.o
       340         12          0          0          0        152   dmul.o
       156          4          0          0          0        140   dnaninf.o
        12          0          0          0          0        116   dretinf.o
        86          4          0          0          0        132   f2d.o
       140          4          0          0          0        132   fnaninf.o
        10          0          0          0          0        116   fpinit.o
        10          0          0          0          0        116   fretinf.o
         0          0          0          0          0          0   usenofp.o
       300         42          0          0          0        176   asinf.o
       684         90          0          0          0        208   atan2f.o
        38          0          0          0          0        116   fpclassifyf.o
        44         12          0          0          0        464   funder.o
        62          0          0          0          0        136   sqrtf.o

    ----------------------------------------------------------------------
      6126        426       2052          0         96      24599   Library Totals
        20          0          0          0          0          0   (incl. Padding)

    ----------------------------------------------------------------------

      Code (inc. data)   RO Data    RW Data    ZI Data      Debug   Library Name

      1882         32       2052          0          0      19979   arm_cortexM4lf_math.lib
      1556         82          0          0         96       2220   c_w.l
      1540        168          0          0          0       1300   fz_wm.l
      1128        144          0          0          0       1100   m_wm.l

    ----------------------------------------------------------------------
      6126        426       2052          0         96      24599   Library Totals

    ----------------------------------------------------------------------

==============================================================================


      Code (inc. data)   RO Data    RW Data    ZI Data      Debug   

     52620       2834       3816       1332      98432    1226530   Grand Totals
     52620       2834       3816        308      98432    1226530   ELF Image Totals (compressed)
     52620       2834       3816        308          0          0   ROM Totals

==============================================================================

    Total RO  Size (Code + RO Data)                56436 (  55.11kB)
    Total RW  Size (RW Data + ZI Data)             99764 (  97.43kB)
    Total ROM Size (Code + RO Data + RW Data)      56744 (  55.41kB)

==============================================================================

